Archive member included to satisfy reference by file (symbol)

/home/vash/arduino-1.8.5/hardware/FLUO_IoT/avr/bootloaders/avr8-gnu-toolchain-linux_x86_64/bin/../lib/gcc/avr/4.9.2/avr5/libgcc.a(_exit.o)
                              /home/vash/arduino-1.8.5/hardware/FLUO_IoT/avr/bootloaders/avr8-gnu-toolchain-linux_x86_64/bin/../lib/gcc/avr/4.9.2/../../../../avr/lib/avr5/crtatmega32u4.o (exit)
/home/vash/arduino-1.8.5/hardware/FLUO_IoT/avr/bootloaders/avr8-gnu-toolchain-linux_x86_64/bin/../lib/gcc/avr/4.9.2/avr5/libgcc.a(_tablejump2.o)
                              ../lufa-LUFA-111009/LUFA/Drivers/USB/Core/DeviceStandardReq.o (__tablejump2__)
/home/vash/arduino-1.8.5/hardware/FLUO_IoT/avr/bootloaders/avr8-gnu-toolchain-linux_x86_64/bin/../lib/gcc/avr/4.9.2/avr5/libgcc.a(_copy_data.o)
                              Caterina.o (__do_copy_data)
/home/vash/arduino-1.8.5/hardware/FLUO_IoT/avr/bootloaders/avr8-gnu-toolchain-linux_x86_64/bin/../lib/gcc/avr/4.9.2/avr5/libgcc.a(_clear_bss.o)
                              Caterina.o (__do_clear_bss)
/home/vash/arduino-1.8.5/hardware/FLUO_IoT/avr/bootloaders/avr8-gnu-toolchain-linux_x86_64/bin/../lib/gcc/avr/4.9.2/../../../../avr/lib/avr5/libatmega32u4.a(eerd_byte.o)
                              Caterina.o (eeprom_read_byte)
/home/vash/arduino-1.8.5/hardware/FLUO_IoT/avr/bootloaders/avr8-gnu-toolchain-linux_x86_64/bin/../lib/gcc/avr/4.9.2/../../../../avr/lib/avr5/libatmega32u4.a(eeupd_byte.o)
                              ../lufa-LUFA-111009/LUFA/Drivers/USB/Core/AVR8/EndpointStream_AVR8.o (eeprom_update_byte)
/home/vash/arduino-1.8.5/hardware/FLUO_IoT/avr/bootloaders/avr8-gnu-toolchain-linux_x86_64/bin/../lib/gcc/avr/4.9.2/../../../../avr/lib/avr5/libatmega32u4.a(eewr_byte.o)
                              Caterina.o (eeprom_write_byte)

Allocating common symbols
Common symbol       size              file

LLEDPulse           0x2               Caterina.o
USB_IsInitialized   0x1               ../lufa-LUFA-111009/LUFA/Drivers/USB/Core/USBTask.o
USB_Device_ConfigurationNumber
                    0x1               ../lufa-LUFA-111009/LUFA/Drivers/USB/Core/DeviceStandardReq.o
USB_ControlRequest  0x8               ../lufa-LUFA-111009/LUFA/Drivers/USB/Core/USBTask.o

Discarded input sections

 .data          0x0000000000000000        0x0 /home/vash/arduino-1.8.5/hardware/FLUO_IoT/avr/bootloaders/avr8-gnu-toolchain-linux_x86_64/bin/../lib/gcc/avr/4.9.2/../../../../avr/lib/avr5/crtatmega32u4.o
 .bss           0x0000000000000000        0x0 /home/vash/arduino-1.8.5/hardware/FLUO_IoT/avr/bootloaders/avr8-gnu-toolchain-linux_x86_64/bin/../lib/gcc/avr/4.9.2/../../../../avr/lib/avr5/crtatmega32u4.o
 .text          0x0000000000000000        0x0 Caterina.o
 .rodata        0x0000000000000000        0x2 Caterina.o
 .text          0x0000000000000000        0x0 Descriptors.o
 .data          0x0000000000000000        0x0 Descriptors.o
 .bss           0x0000000000000000        0x0 Descriptors.o
 .text          0x0000000000000000        0x0 ../lufa-LUFA-111009/LUFA/Drivers/USB/Core/AVR8/Device_AVR8.o
 .data          0x0000000000000000        0x0 ../lufa-LUFA-111009/LUFA/Drivers/USB/Core/AVR8/Device_AVR8.o
 .bss           0x0000000000000000        0x0 ../lufa-LUFA-111009/LUFA/Drivers/USB/Core/AVR8/Device_AVR8.o
 .text.USB_Device_SendRemoteWakeup
                0x0000000000000000       0x2c ../lufa-LUFA-111009/LUFA/Drivers/USB/Core/AVR8/Device_AVR8.o
 .debug_info    0x0000000000000000       0xd2 ../lufa-LUFA-111009/LUFA/Drivers/USB/Core/AVR8/Device_AVR8.o
 .debug_abbrev  0x0000000000000000       0x80 ../lufa-LUFA-111009/LUFA/Drivers/USB/Core/AVR8/Device_AVR8.o
 .debug_aranges
                0x0000000000000000       0x20 ../lufa-LUFA-111009/LUFA/Drivers/USB/Core/AVR8/Device_AVR8.o
 .debug_ranges  0x0000000000000000       0x10 ../lufa-LUFA-111009/LUFA/Drivers/USB/Core/AVR8/Device_AVR8.o
 .debug_line    0x0000000000000000      0x172 ../lufa-LUFA-111009/LUFA/Drivers/USB/Core/AVR8/Device_AVR8.o
 .debug_str     0x0000000000000000      0x219 ../lufa-LUFA-111009/LUFA/Drivers/USB/Core/AVR8/Device_AVR8.o
 .comment       0x0000000000000000       0x31 ../lufa-LUFA-111009/LUFA/Drivers/USB/Core/AVR8/Device_AVR8.o
 .debug_frame   0x0000000000000000       0x24 ../lufa-LUFA-111009/LUFA/Drivers/USB/Core/AVR8/Device_AVR8.o
 .text          0x0000000000000000        0x0 ../lufa-LUFA-111009/LUFA/Drivers/USB/Core/AVR8/Endpoint_AVR8.o
 .data          0x0000000000000000        0x0 ../lufa-LUFA-111009/LUFA/Drivers/USB/Core/AVR8/Endpoint_AVR8.o
 .bss           0x0000000000000000        0x0 ../lufa-LUFA-111009/LUFA/Drivers/USB/Core/AVR8/Endpoint_AVR8.o
 .text.Endpoint_ClearEndpoints
                0x0000000000000000       0x28 ../lufa-LUFA-111009/LUFA/Drivers/USB/Core/AVR8/Endpoint_AVR8.o
 .text.Endpoint_WaitUntilReady
                0x0000000000000000       0x62 ../lufa-LUFA-111009/LUFA/Drivers/USB/Core/AVR8/Endpoint_AVR8.o
 .text          0x0000000000000000        0x0 ../lufa-LUFA-111009/LUFA/Drivers/USB/Core/AVR8/Host_AVR8.o
 .data          0x0000000000000000        0x0 ../lufa-LUFA-111009/LUFA/Drivers/USB/Core/AVR8/Host_AVR8.o
 .bss           0x0000000000000000        0x0 ../lufa-LUFA-111009/LUFA/Drivers/USB/Core/AVR8/Host_AVR8.o
 .debug_line    0x0000000000000000        0x0 ../lufa-LUFA-111009/LUFA/Drivers/USB/Core/AVR8/Host_AVR8.o
 .debug_str     0x0000000000000000      0x151 ../lufa-LUFA-111009/LUFA/Drivers/USB/Core/AVR8/Host_AVR8.o
 .comment       0x0000000000000000       0x31 ../lufa-LUFA-111009/LUFA/Drivers/USB/Core/AVR8/Host_AVR8.o
 .text          0x0000000000000000        0x0 ../lufa-LUFA-111009/LUFA/Drivers/USB/Core/AVR8/Pipe_AVR8.o
 .data          0x0000000000000000        0x0 ../lufa-LUFA-111009/LUFA/Drivers/USB/Core/AVR8/Pipe_AVR8.o
 .bss           0x0000000000000000        0x0 ../lufa-LUFA-111009/LUFA/Drivers/USB/Core/AVR8/Pipe_AVR8.o
 .debug_line    0x0000000000000000        0x0 ../lufa-LUFA-111009/LUFA/Drivers/USB/Core/AVR8/Pipe_AVR8.o
 .debug_str     0x0000000000000000      0x151 ../lufa-LUFA-111009/LUFA/Drivers/USB/Core/AVR8/Pipe_AVR8.o
 .comment       0x0000000000000000       0x31 ../lufa-LUFA-111009/LUFA/Drivers/USB/Core/AVR8/Pipe_AVR8.o
 .text          0x0000000000000000        0x0 ../lufa-LUFA-111009/LUFA/Drivers/USB/Core/AVR8/USBController_AVR8.o
 .data          0x0000000000000000        0x0 ../lufa-LUFA-111009/LUFA/Drivers/USB/Core/AVR8/USBController_AVR8.o
 .bss           0x0000000000000000        0x0 ../lufa-LUFA-111009/LUFA/Drivers/USB/Core/AVR8/USBController_AVR8.o
 .text.USB_Disable
                0x0000000000000000       0x34 ../lufa-LUFA-111009/LUFA/Drivers/USB/Core/AVR8/USBController_AVR8.o
 .text          0x0000000000000000        0x0 ../lufa-LUFA-111009/LUFA/Drivers/USB/Core/AVR8/USBInterrupt_AVR8.o
 .data          0x0000000000000000        0x0 ../lufa-LUFA-111009/LUFA/Drivers/USB/Core/AVR8/USBInterrupt_AVR8.o
 .bss           0x0000000000000000        0x0 ../lufa-LUFA-111009/LUFA/Drivers/USB/Core/AVR8/USBInterrupt_AVR8.o
 .text          0x0000000000000000        0x0 ../lufa-LUFA-111009/LUFA/Drivers/USB/Core/AVR8/EndpointStream_AVR8.o
 .data          0x0000000000000000        0x0 ../lufa-LUFA-111009/LUFA/Drivers/USB/Core/AVR8/EndpointStream_AVR8.o
 .bss           0x0000000000000000        0x0 ../lufa-LUFA-111009/LUFA/Drivers/USB/Core/AVR8/EndpointStream_AVR8.o
 .text.Endpoint_Discard_Stream
                0x0000000000000000       0x80 ../lufa-LUFA-111009/LUFA/Drivers/USB/Core/AVR8/EndpointStream_AVR8.o
 .text.Endpoint_Null_Stream
                0x0000000000000000       0x80 ../lufa-LUFA-111009/LUFA/Drivers/USB/Core/AVR8/EndpointStream_AVR8.o
 .text.Endpoint_Write_Stream_LE
                0x0000000000000000       0x9a ../lufa-LUFA-111009/LUFA/Drivers/USB/Core/AVR8/EndpointStream_AVR8.o
 .text.Endpoint_Write_Stream_BE
                0x0000000000000000       0xa6 ../lufa-LUFA-111009/LUFA/Drivers/USB/Core/AVR8/EndpointStream_AVR8.o
 .text.Endpoint_Read_Stream_LE
                0x0000000000000000       0x9a ../lufa-LUFA-111009/LUFA/Drivers/USB/Core/AVR8/EndpointStream_AVR8.o
 .text.Endpoint_Read_Stream_BE
                0x0000000000000000       0xa6 ../lufa-LUFA-111009/LUFA/Drivers/USB/Core/AVR8/EndpointStream_AVR8.o
 .text.Endpoint_Write_PStream_LE
                0x0000000000000000       0xa0 ../lufa-LUFA-111009/LUFA/Drivers/USB/Core/AVR8/EndpointStream_AVR8.o
 .text.Endpoint_Write_PStream_BE
                0x0000000000000000       0xa8 ../lufa-LUFA-111009/LUFA/Drivers/USB/Core/AVR8/EndpointStream_AVR8.o
 .text.Endpoint_Write_EStream_LE
                0x0000000000000000       0xa0 ../lufa-LUFA-111009/LUFA/Drivers/USB/Core/AVR8/EndpointStream_AVR8.o
 .text.Endpoint_Write_EStream_BE
                0x0000000000000000       0xaa ../lufa-LUFA-111009/LUFA/Drivers/USB/Core/AVR8/EndpointStream_AVR8.o
 .text.Endpoint_Read_EStream_LE
                0x0000000000000000       0xa0 ../lufa-LUFA-111009/LUFA/Drivers/USB/Core/AVR8/EndpointStream_AVR8.o
 .text.Endpoint_Read_EStream_BE
                0x0000000000000000       0xaa ../lufa-LUFA-111009/LUFA/Drivers/USB/Core/AVR8/EndpointStream_AVR8.o
 .text.Endpoint_Write_Control_Stream_BE
                0x0000000000000000       0xc4 ../lufa-LUFA-111009/LUFA/Drivers/USB/Core/AVR8/EndpointStream_AVR8.o
 .text.Endpoint_Read_Control_Stream_BE
                0x0000000000000000       0x7e ../lufa-LUFA-111009/LUFA/Drivers/USB/Core/AVR8/EndpointStream_AVR8.o
 .text.Endpoint_Write_Control_PStream_LE
                0x0000000000000000       0xb6 ../lufa-LUFA-111009/LUFA/Drivers/USB/Core/AVR8/EndpointStream_AVR8.o
 .text.Endpoint_Write_Control_PStream_BE
                0x0000000000000000       0xc2 ../lufa-LUFA-111009/LUFA/Drivers/USB/Core/AVR8/EndpointStream_AVR8.o
 .text.Endpoint_Write_Control_EStream_LE
                0x0000000000000000       0xe8 ../lufa-LUFA-111009/LUFA/Drivers/USB/Core/AVR8/EndpointStream_AVR8.o
 .text.Endpoint_Write_Control_EStream_BE
                0x0000000000000000       0xf4 ../lufa-LUFA-111009/LUFA/Drivers/USB/Core/AVR8/EndpointStream_AVR8.o
 .text.Endpoint_Read_Control_EStream_LE
                0x0000000000000000       0x90 ../lufa-LUFA-111009/LUFA/Drivers/USB/Core/AVR8/EndpointStream_AVR8.o
 .text.Endpoint_Read_Control_EStream_BE
                0x0000000000000000       0x8e ../lufa-LUFA-111009/LUFA/Drivers/USB/Core/AVR8/EndpointStream_AVR8.o
 .text          0x0000000000000000        0x0 ../lufa-LUFA-111009/LUFA/Drivers/USB/Core/AVR8/PipeStream_AVR8.o
 .data          0x0000000000000000        0x0 ../lufa-LUFA-111009/LUFA/Drivers/USB/Core/AVR8/PipeStream_AVR8.o
 .bss           0x0000000000000000        0x0 ../lufa-LUFA-111009/LUFA/Drivers/USB/Core/AVR8/PipeStream_AVR8.o
 .debug_line    0x0000000000000000        0x0 ../lufa-LUFA-111009/LUFA/Drivers/USB/Core/AVR8/PipeStream_AVR8.o
 .debug_str     0x0000000000000000      0x157 ../lufa-LUFA-111009/LUFA/Drivers/USB/Core/AVR8/PipeStream_AVR8.o
 .comment       0x0000000000000000       0x31 ../lufa-LUFA-111009/LUFA/Drivers/USB/Core/AVR8/PipeStream_AVR8.o
 .text          0x0000000000000000        0x0 ../lufa-LUFA-111009/LUFA/Drivers/USB/Core/ConfigDescriptor.o
 .data          0x0000000000000000        0x0 ../lufa-LUFA-111009/LUFA/Drivers/USB/Core/ConfigDescriptor.o
 .bss           0x0000000000000000        0x0 ../lufa-LUFA-111009/LUFA/Drivers/USB/Core/ConfigDescriptor.o
 .text.USB_GetNextDescriptor
                0x0000000000000000       0x3c ../lufa-LUFA-111009/LUFA/Drivers/USB/Core/ConfigDescriptor.o
 .text.USB_GetNextDescriptorOfType
                0x0000000000000000       0x48 ../lufa-LUFA-111009/LUFA/Drivers/USB/Core/ConfigDescriptor.o
 .text.USB_GetNextDescriptorOfTypeBefore
                0x0000000000000000       0x58 ../lufa-LUFA-111009/LUFA/Drivers/USB/Core/ConfigDescriptor.o
 .text.USB_GetNextDescriptorOfTypeAfter
                0x0000000000000000       0x3e ../lufa-LUFA-111009/LUFA/Drivers/USB/Core/ConfigDescriptor.o
 .text.USB_GetNextDescriptorComp
                0x0000000000000000       0x66 ../lufa-LUFA-111009/LUFA/Drivers/USB/Core/ConfigDescriptor.o
 .debug_info    0x0000000000000000      0x3c9 ../lufa-LUFA-111009/LUFA/Drivers/USB/Core/ConfigDescriptor.o
 .debug_abbrev  0x0000000000000000      0x176 ../lufa-LUFA-111009/LUFA/Drivers/USB/Core/ConfigDescriptor.o
 .debug_loc     0x0000000000000000      0x5bd ../lufa-LUFA-111009/LUFA/Drivers/USB/Core/ConfigDescriptor.o
 .debug_aranges
                0x0000000000000000       0x40 ../lufa-LUFA-111009/LUFA/Drivers/USB/Core/ConfigDescriptor.o
 .debug_ranges  0x0000000000000000       0x30 ../lufa-LUFA-111009/LUFA/Drivers/USB/Core/ConfigDescriptor.o
 .debug_line    0x0000000000000000      0x240 ../lufa-LUFA-111009/LUFA/Drivers/USB/Core/ConfigDescriptor.o
 .debug_str     0x0000000000000000      0x400 ../lufa-LUFA-111009/LUFA/Drivers/USB/Core/ConfigDescriptor.o
 .comment       0x0000000000000000       0x31 ../lufa-LUFA-111009/LUFA/Drivers/USB/Core/ConfigDescriptor.o
 .debug_frame   0x0000000000000000      0x124 ../lufa-LUFA-111009/LUFA/Drivers/USB/Core/ConfigDescriptor.o
 .text          0x0000000000000000        0x0 ../lufa-LUFA-111009/LUFA/Drivers/USB/Core/DeviceStandardReq.o
 .data          0x0000000000000000        0x0 ../lufa-LUFA-111009/LUFA/Drivers/USB/Core/DeviceStandardReq.o
 .bss           0x0000000000000000        0x0 ../lufa-LUFA-111009/LUFA/Drivers/USB/Core/DeviceStandardReq.o
 .text          0x0000000000000000        0x0 ../lufa-LUFA-111009/LUFA/Drivers/USB/Core/Events.o
 .data          0x0000000000000000        0x0 ../lufa-LUFA-111009/LUFA/Drivers/USB/Core/Events.o
 .bss           0x0000000000000000        0x0 ../lufa-LUFA-111009/LUFA/Drivers/USB/Core/Events.o
 .text          0x0000000000000000        0x0 ../lufa-LUFA-111009/LUFA/Drivers/USB/Core/HostStandardReq.o
 .data          0x0000000000000000        0x0 ../lufa-LUFA-111009/LUFA/Drivers/USB/Core/HostStandardReq.o
 .bss           0x0000000000000000        0x0 ../lufa-LUFA-111009/LUFA/Drivers/USB/Core/HostStandardReq.o
 .debug_line    0x0000000000000000        0x0 ../lufa-LUFA-111009/LUFA/Drivers/USB/Core/HostStandardReq.o
 .debug_str     0x0000000000000000      0x152 ../lufa-LUFA-111009/LUFA/Drivers/USB/Core/HostStandardReq.o
 .comment       0x0000000000000000       0x31 ../lufa-LUFA-111009/LUFA/Drivers/USB/Core/HostStandardReq.o
 .text          0x0000000000000000        0x0 ../lufa-LUFA-111009/LUFA/Drivers/USB/Core/USBTask.o
 .data          0x0000000000000000        0x0 ../lufa-LUFA-111009/LUFA/Drivers/USB/Core/USBTask.o
 .bss           0x0000000000000000        0x0 ../lufa-LUFA-111009/LUFA/Drivers/USB/Core/USBTask.o
 .text          0x0000000000000000        0x0 ../lufa-LUFA-111009/LUFA/Drivers/USB/Class/Common/HIDParser.o
 .data          0x0000000000000000        0x0 ../lufa-LUFA-111009/LUFA/Drivers/USB/Class/Common/HIDParser.o
 .bss           0x0000000000000000        0x0 ../lufa-LUFA-111009/LUFA/Drivers/USB/Class/Common/HIDParser.o
 .text.USB_ProcessHIDReport
                0x0000000000000000      0x66e ../lufa-LUFA-111009/LUFA/Drivers/USB/Class/Common/HIDParser.o
 .text.USB_GetHIDReportItemInfo
                0x0000000000000000       0xbc ../lufa-LUFA-111009/LUFA/Drivers/USB/Class/Common/HIDParser.o
 .text.USB_SetHIDReportItemInfo
                0x0000000000000000       0xce ../lufa-LUFA-111009/LUFA/Drivers/USB/Class/Common/HIDParser.o
 .text.USB_GetHIDReportSize
                0x0000000000000000       0x54 ../lufa-LUFA-111009/LUFA/Drivers/USB/Class/Common/HIDParser.o
 .debug_info    0x0000000000000000      0x736 ../lufa-LUFA-111009/LUFA/Drivers/USB/Class/Common/HIDParser.o
 .debug_abbrev  0x0000000000000000      0x21e ../lufa-LUFA-111009/LUFA/Drivers/USB/Class/Common/HIDParser.o
 .debug_loc     0x0000000000000000      0xb82 ../lufa-LUFA-111009/LUFA/Drivers/USB/Class/Common/HIDParser.o
 .debug_aranges
                0x0000000000000000       0x38 ../lufa-LUFA-111009/LUFA/Drivers/USB/Class/Common/HIDParser.o
 .debug_ranges  0x0000000000000000       0xd0 ../lufa-LUFA-111009/LUFA/Drivers/USB/Class/Common/HIDParser.o
 .debug_line    0x0000000000000000      0x5df ../lufa-LUFA-111009/LUFA/Drivers/USB/Class/Common/HIDParser.o
 .debug_str     0x0000000000000000      0x6dd ../lufa-LUFA-111009/LUFA/Drivers/USB/Class/Common/HIDParser.o
 .comment       0x0000000000000000       0x31 ../lufa-LUFA-111009/LUFA/Drivers/USB/Class/Common/HIDParser.o
 .debug_frame   0x0000000000000000      0x14c ../lufa-LUFA-111009/LUFA/Drivers/USB/Class/Common/HIDParser.o
 .text          0x0000000000000000        0x0 /home/vash/arduino-1.8.5/hardware/FLUO_IoT/avr/bootloaders/avr8-gnu-toolchain-linux_x86_64/bin/../lib/gcc/avr/4.9.2/avr5/libgcc.a(_exit.o)
 .data          0x0000000000000000        0x0 /home/vash/arduino-1.8.5/hardware/FLUO_IoT/avr/bootloaders/avr8-gnu-toolchain-linux_x86_64/bin/../lib/gcc/avr/4.9.2/avr5/libgcc.a(_exit.o)
 .bss           0x0000000000000000        0x0 /home/vash/arduino-1.8.5/hardware/FLUO_IoT/avr/bootloaders/avr8-gnu-toolchain-linux_x86_64/bin/../lib/gcc/avr/4.9.2/avr5/libgcc.a(_exit.o)
 .text.libgcc.mul
                0x0000000000000000        0x0 /home/vash/arduino-1.8.5/hardware/FLUO_IoT/avr/bootloaders/avr8-gnu-toolchain-linux_x86_64/bin/../lib/gcc/avr/4.9.2/avr5/libgcc.a(_exit.o)
 .text.libgcc.div
                0x0000000000000000        0x0 /home/vash/arduino-1.8.5/hardware/FLUO_IoT/avr/bootloaders/avr8-gnu-toolchain-linux_x86_64/bin/../lib/gcc/avr/4.9.2/avr5/libgcc.a(_exit.o)
 .text.libgcc   0x0000000000000000        0x0 /home/vash/arduino-1.8.5/hardware/FLUO_IoT/avr/bootloaders/avr8-gnu-toolchain-linux_x86_64/bin/../lib/gcc/avr/4.9.2/avr5/libgcc.a(_exit.o)
 .text.libgcc.prologue
                0x0000000000000000        0x0 /home/vash/arduino-1.8.5/hardware/FLUO_IoT/avr/bootloaders/avr8-gnu-toolchain-linux_x86_64/bin/../lib/gcc/avr/4.9.2/avr5/libgcc.a(_exit.o)
 .text.libgcc.builtins
                0x0000000000000000        0x0 /home/vash/arduino-1.8.5/hardware/FLUO_IoT/avr/bootloaders/avr8-gnu-toolchain-linux_x86_64/bin/../lib/gcc/avr/4.9.2/avr5/libgcc.a(_exit.o)
 .text.libgcc.fmul
                0x0000000000000000        0x0 /home/vash/arduino-1.8.5/hardware/FLUO_IoT/avr/bootloaders/avr8-gnu-toolchain-linux_x86_64/bin/../lib/gcc/avr/4.9.2/avr5/libgcc.a(_exit.o)
 .text.libgcc.fixed
                0x0000000000000000        0x0 /home/vash/arduino-1.8.5/hardware/FLUO_IoT/avr/bootloaders/avr8-gnu-toolchain-linux_x86_64/bin/../lib/gcc/avr/4.9.2/avr5/libgcc.a(_exit.o)
 .text          0x0000000000000000        0x0 /home/vash/arduino-1.8.5/hardware/FLUO_IoT/avr/bootloaders/avr8-gnu-toolchain-linux_x86_64/bin/../lib/gcc/avr/4.9.2/avr5/libgcc.a(_tablejump2.o)
 .data          0x0000000000000000        0x0 /home/vash/arduino-1.8.5/hardware/FLUO_IoT/avr/bootloaders/avr8-gnu-toolchain-linux_x86_64/bin/../lib/gcc/avr/4.9.2/avr5/libgcc.a(_tablejump2.o)
 .bss           0x0000000000000000        0x0 /home/vash/arduino-1.8.5/hardware/FLUO_IoT/avr/bootloaders/avr8-gnu-toolchain-linux_x86_64/bin/../lib/gcc/avr/4.9.2/avr5/libgcc.a(_tablejump2.o)
 .text.libgcc.mul
                0x0000000000000000        0x0 /home/vash/arduino-1.8.5/hardware/FLUO_IoT/avr/bootloaders/avr8-gnu-toolchain-linux_x86_64/bin/../lib/gcc/avr/4.9.2/avr5/libgcc.a(_tablejump2.o)
 .text.libgcc.div
                0x0000000000000000        0x0 /home/vash/arduino-1.8.5/hardware/FLUO_IoT/avr/bootloaders/avr8-gnu-toolchain-linux_x86_64/bin/../lib/gcc/avr/4.9.2/avr5/libgcc.a(_tablejump2.o)
 .text.libgcc.prologue
                0x0000000000000000        0x0 /home/vash/arduino-1.8.5/hardware/FLUO_IoT/avr/bootloaders/avr8-gnu-toolchain-linux_x86_64/bin/../lib/gcc/avr/4.9.2/avr5/libgcc.a(_tablejump2.o)
 .text.libgcc.builtins
                0x0000000000000000        0x0 /home/vash/arduino-1.8.5/hardware/FLUO_IoT/avr/bootloaders/avr8-gnu-toolchain-linux_x86_64/bin/../lib/gcc/avr/4.9.2/avr5/libgcc.a(_tablejump2.o)
 .text.libgcc.fmul
                0x0000000000000000        0x0 /home/vash/arduino-1.8.5/hardware/FLUO_IoT/avr/bootloaders/avr8-gnu-toolchain-linux_x86_64/bin/../lib/gcc/avr/4.9.2/avr5/libgcc.a(_tablejump2.o)
 .text.libgcc.fixed
                0x0000000000000000        0x0 /home/vash/arduino-1.8.5/hardware/FLUO_IoT/avr/bootloaders/avr8-gnu-toolchain-linux_x86_64/bin/../lib/gcc/avr/4.9.2/avr5/libgcc.a(_tablejump2.o)
 .text          0x0000000000000000        0x0 /home/vash/arduino-1.8.5/hardware/FLUO_IoT/avr/bootloaders/avr8-gnu-toolchain-linux_x86_64/bin/../lib/gcc/avr/4.9.2/avr5/libgcc.a(_copy_data.o)
 .data          0x0000000000000000        0x0 /home/vash/arduino-1.8.5/hardware/FLUO_IoT/avr/bootloaders/avr8-gnu-toolchain-linux_x86_64/bin/../lib/gcc/avr/4.9.2/avr5/libgcc.a(_copy_data.o)
 .bss           0x0000000000000000        0x0 /home/vash/arduino-1.8.5/hardware/FLUO_IoT/avr/bootloaders/avr8-gnu-toolchain-linux_x86_64/bin/../lib/gcc/avr/4.9.2/avr5/libgcc.a(_copy_data.o)
 .text.libgcc.mul
                0x0000000000000000        0x0 /home/vash/arduino-1.8.5/hardware/FLUO_IoT/avr/bootloaders/avr8-gnu-toolchain-linux_x86_64/bin/../lib/gcc/avr/4.9.2/avr5/libgcc.a(_copy_data.o)
 .text.libgcc.div
                0x0000000000000000        0x0 /home/vash/arduino-1.8.5/hardware/FLUO_IoT/avr/bootloaders/avr8-gnu-toolchain-linux_x86_64/bin/../lib/gcc/avr/4.9.2/avr5/libgcc.a(_copy_data.o)
 .text.libgcc   0x0000000000000000        0x0 /home/vash/arduino-1.8.5/hardware/FLUO_IoT/avr/bootloaders/avr8-gnu-toolchain-linux_x86_64/bin/../lib/gcc/avr/4.9.2/avr5/libgcc.a(_copy_data.o)
 .text.libgcc.prologue
                0x0000000000000000        0x0 /home/vash/arduino-1.8.5/hardware/FLUO_IoT/avr/bootloaders/avr8-gnu-toolchain-linux_x86_64/bin/../lib/gcc/avr/4.9.2/avr5/libgcc.a(_copy_data.o)
 .text.libgcc.builtins
                0x0000000000000000        0x0 /home/vash/arduino-1.8.5/hardware/FLUO_IoT/avr/bootloaders/avr8-gnu-toolchain-linux_x86_64/bin/../lib/gcc/avr/4.9.2/avr5/libgcc.a(_copy_data.o)
 .text.libgcc.fmul
                0x0000000000000000        0x0 /home/vash/arduino-1.8.5/hardware/FLUO_IoT/avr/bootloaders/avr8-gnu-toolchain-linux_x86_64/bin/../lib/gcc/avr/4.9.2/avr5/libgcc.a(_copy_data.o)
 .text.libgcc.fixed
                0x0000000000000000        0x0 /home/vash/arduino-1.8.5/hardware/FLUO_IoT/avr/bootloaders/avr8-gnu-toolchain-linux_x86_64/bin/../lib/gcc/avr/4.9.2/avr5/libgcc.a(_copy_data.o)
 .text          0x0000000000000000        0x0 /home/vash/arduino-1.8.5/hardware/FLUO_IoT/avr/bootloaders/avr8-gnu-toolchain-linux_x86_64/bin/../lib/gcc/avr/4.9.2/avr5/libgcc.a(_clear_bss.o)
 .data          0x0000000000000000        0x0 /home/vash/arduino-1.8.5/hardware/FLUO_IoT/avr/bootloaders/avr8-gnu-toolchain-linux_x86_64/bin/../lib/gcc/avr/4.9.2/avr5/libgcc.a(_clear_bss.o)
 .bss           0x0000000000000000        0x0 /home/vash/arduino-1.8.5/hardware/FLUO_IoT/avr/bootloaders/avr8-gnu-toolchain-linux_x86_64/bin/../lib/gcc/avr/4.9.2/avr5/libgcc.a(_clear_bss.o)
 .text.libgcc.mul
                0x0000000000000000        0x0 /home/vash/arduino-1.8.5/hardware/FLUO_IoT/avr/bootloaders/avr8-gnu-toolchain-linux_x86_64/bin/../lib/gcc/avr/4.9.2/avr5/libgcc.a(_clear_bss.o)
 .text.libgcc.div
                0x0000000000000000        0x0 /home/vash/arduino-1.8.5/hardware/FLUO_IoT/avr/bootloaders/avr8-gnu-toolchain-linux_x86_64/bin/../lib/gcc/avr/4.9.2/avr5/libgcc.a(_clear_bss.o)
 .text.libgcc   0x0000000000000000        0x0 /home/vash/arduino-1.8.5/hardware/FLUO_IoT/avr/bootloaders/avr8-gnu-toolchain-linux_x86_64/bin/../lib/gcc/avr/4.9.2/avr5/libgcc.a(_clear_bss.o)
 .text.libgcc.prologue
                0x0000000000000000        0x0 /home/vash/arduino-1.8.5/hardware/FLUO_IoT/avr/bootloaders/avr8-gnu-toolchain-linux_x86_64/bin/../lib/gcc/avr/4.9.2/avr5/libgcc.a(_clear_bss.o)
 .text.libgcc.builtins
                0x0000000000000000        0x0 /home/vash/arduino-1.8.5/hardware/FLUO_IoT/avr/bootloaders/avr8-gnu-toolchain-linux_x86_64/bin/../lib/gcc/avr/4.9.2/avr5/libgcc.a(_clear_bss.o)
 .text.libgcc.fmul
                0x0000000000000000        0x0 /home/vash/arduino-1.8.5/hardware/FLUO_IoT/avr/bootloaders/avr8-gnu-toolchain-linux_x86_64/bin/../lib/gcc/avr/4.9.2/avr5/libgcc.a(_clear_bss.o)
 .text.libgcc.fixed
                0x0000000000000000        0x0 /home/vash/arduino-1.8.5/hardware/FLUO_IoT/avr/bootloaders/avr8-gnu-toolchain-linux_x86_64/bin/../lib/gcc/avr/4.9.2/avr5/libgcc.a(_clear_bss.o)
 .text          0x0000000000000000        0x0 /home/vash/arduino-1.8.5/hardware/FLUO_IoT/avr/bootloaders/avr8-gnu-toolchain-linux_x86_64/bin/../lib/gcc/avr/4.9.2/../../../../avr/lib/avr5/libatmega32u4.a(eerd_byte.o)
 .data          0x0000000000000000        0x0 /home/vash/arduino-1.8.5/hardware/FLUO_IoT/avr/bootloaders/avr8-gnu-toolchain-linux_x86_64/bin/../lib/gcc/avr/4.9.2/../../../../avr/lib/avr5/libatmega32u4.a(eerd_byte.o)
 .bss           0x0000000000000000        0x0 /home/vash/arduino-1.8.5/hardware/FLUO_IoT/avr/bootloaders/avr8-gnu-toolchain-linux_x86_64/bin/../lib/gcc/avr/4.9.2/../../../../avr/lib/avr5/libatmega32u4.a(eerd_byte.o)
 .text          0x0000000000000000        0x0 /home/vash/arduino-1.8.5/hardware/FLUO_IoT/avr/bootloaders/avr8-gnu-toolchain-linux_x86_64/bin/../lib/gcc/avr/4.9.2/../../../../avr/lib/avr5/libatmega32u4.a(eeupd_byte.o)
 .data          0x0000000000000000        0x0 /home/vash/arduino-1.8.5/hardware/FLUO_IoT/avr/bootloaders/avr8-gnu-toolchain-linux_x86_64/bin/../lib/gcc/avr/4.9.2/../../../../avr/lib/avr5/libatmega32u4.a(eeupd_byte.o)
 .bss           0x0000000000000000        0x0 /home/vash/arduino-1.8.5/hardware/FLUO_IoT/avr/bootloaders/avr8-gnu-toolchain-linux_x86_64/bin/../lib/gcc/avr/4.9.2/../../../../avr/lib/avr5/libatmega32u4.a(eeupd_byte.o)
 .text.avr-libc
                0x0000000000000000       0x24 /home/vash/arduino-1.8.5/hardware/FLUO_IoT/avr/bootloaders/avr8-gnu-toolchain-linux_x86_64/bin/../lib/gcc/avr/4.9.2/../../../../avr/lib/avr5/libatmega32u4.a(eeupd_byte.o)
 .text          0x0000000000000000        0x0 /home/vash/arduino-1.8.5/hardware/FLUO_IoT/avr/bootloaders/avr8-gnu-toolchain-linux_x86_64/bin/../lib/gcc/avr/4.9.2/../../../../avr/lib/avr5/libatmega32u4.a(eewr_byte.o)
 .data          0x0000000000000000        0x0 /home/vash/arduino-1.8.5/hardware/FLUO_IoT/avr/bootloaders/avr8-gnu-toolchain-linux_x86_64/bin/../lib/gcc/avr/4.9.2/../../../../avr/lib/avr5/libatmega32u4.a(eewr_byte.o)
 .bss           0x0000000000000000        0x0 /home/vash/arduino-1.8.5/hardware/FLUO_IoT/avr/bootloaders/avr8-gnu-toolchain-linux_x86_64/bin/../lib/gcc/avr/4.9.2/../../../../avr/lib/avr5/libatmega32u4.a(eewr_byte.o)

Memory Configuration

Name             Origin             Length             Attributes
text             0x0000000000000000 0x0000000000020000 xr
data             0x0000000000800060 0x000000000000ffa0 rw !x
eeprom           0x0000000000810000 0x0000000000010000 rw !x
fuse             0x0000000000820000 0x0000000000000003 rw !x
lock             0x0000000000830000 0x0000000000000400 rw !x
signature        0x0000000000840000 0x0000000000000400 rw !x
user_signatures  0x0000000000850000 0x0000000000000400 rw !x
*default*        0x0000000000000000 0xffffffffffffffff

Linker script and memory map

Address of section .data set to 0x800100
LOAD /home/vash/arduino-1.8.5/hardware/FLUO_IoT/avr/bootloaders/avr8-gnu-toolchain-linux_x86_64/bin/../lib/gcc/avr/4.9.2/../../../../avr/lib/avr5/crtatmega32u4.o
LOAD Caterina.o
LOAD Descriptors.o
LOAD ../lufa-LUFA-111009/LUFA/Drivers/USB/Core/AVR8/Device_AVR8.o
LOAD ../lufa-LUFA-111009/LUFA/Drivers/USB/Core/AVR8/Endpoint_AVR8.o
LOAD ../lufa-LUFA-111009/LUFA/Drivers/USB/Core/AVR8/Host_AVR8.o
LOAD ../lufa-LUFA-111009/LUFA/Drivers/USB/Core/AVR8/Pipe_AVR8.o
LOAD ../lufa-LUFA-111009/LUFA/Drivers/USB/Core/AVR8/USBController_AVR8.o
LOAD ../lufa-LUFA-111009/LUFA/Drivers/USB/Core/AVR8/USBInterrupt_AVR8.o
LOAD ../lufa-LUFA-111009/LUFA/Drivers/USB/Core/AVR8/EndpointStream_AVR8.o
LOAD ../lufa-LUFA-111009/LUFA/Drivers/USB/Core/AVR8/PipeStream_AVR8.o
LOAD ../lufa-LUFA-111009/LUFA/Drivers/USB/Core/ConfigDescriptor.o
LOAD ../lufa-LUFA-111009/LUFA/Drivers/USB/Core/DeviceStandardReq.o
LOAD ../lufa-LUFA-111009/LUFA/Drivers/USB/Core/Events.o
LOAD ../lufa-LUFA-111009/LUFA/Drivers/USB/Core/HostStandardReq.o
LOAD ../lufa-LUFA-111009/LUFA/Drivers/USB/Core/USBTask.o
LOAD ../lufa-LUFA-111009/LUFA/Drivers/USB/Class/Common/HIDParser.o
Address of section .text set to 0x7000
LOAD /home/vash/arduino-1.8.5/hardware/FLUO_IoT/avr/bootloaders/avr8-gnu-toolchain-linux_x86_64/bin/../lib/gcc/avr/4.9.2/../../../../avr/lib/avr5/libm.a
START GROUP
LOAD /home/vash/arduino-1.8.5/hardware/FLUO_IoT/avr/bootloaders/avr8-gnu-toolchain-linux_x86_64/bin/../lib/gcc/avr/4.9.2/avr5/libgcc.a
LOAD /home/vash/arduino-1.8.5/hardware/FLUO_IoT/avr/bootloaders/avr8-gnu-toolchain-linux_x86_64/bin/../lib/gcc/avr/4.9.2/../../../../avr/lib/avr5/libm.a
LOAD /home/vash/arduino-1.8.5/hardware/FLUO_IoT/avr/bootloaders/avr8-gnu-toolchain-linux_x86_64/bin/../lib/gcc/avr/4.9.2/../../../../avr/lib/avr5/libc.a
LOAD /home/vash/arduino-1.8.5/hardware/FLUO_IoT/avr/bootloaders/avr8-gnu-toolchain-linux_x86_64/bin/../lib/gcc/avr/4.9.2/../../../../avr/lib/avr5/libatmega32u4.a
END GROUP
                0x0000000000020000                __TEXT_REGION_LENGTH__ = DEFINED (__TEXT_REGION_LENGTH__)?__TEXT_REGION_LENGTH__:0x20000
                0x000000000000ffa0                __DATA_REGION_LENGTH__ = DEFINED (__DATA_REGION_LENGTH__)?__DATA_REGION_LENGTH__:0xffa0
                0x0000000000010000                __EEPROM_REGION_LENGTH__ = DEFINED (__EEPROM_REGION_LENGTH__)?__EEPROM_REGION_LENGTH__:0x10000
                [0x0000000000000003]                __FUSE_REGION_LENGTH__ = DEFINED (__FUSE_REGION_LENGTH__)?__FUSE_REGION_LENGTH__:0x400
                0x0000000000000400                __LOCK_REGION_LENGTH__ = DEFINED (__LOCK_REGION_LENGTH__)?__LOCK_REGION_LENGTH__:0x400
                0x0000000000000400                __SIGNATURE_REGION_LENGTH__ = DEFINED (__SIGNATURE_REGION_LENGTH__)?__SIGNATURE_REGION_LENGTH__:0x400
                0x0000000000000400                __USER_SIGNATURE_REGION_LENGTH__ = DEFINED (__USER_SIGNATURE_REGION_LENGTH__)?__USER_SIGNATURE_REGION_LENGTH__:0x400

.hash
 *(.hash)

.dynsym
 *(.dynsym)

.dynstr
 *(.dynstr)

.gnu.version
 *(.gnu.version)

.gnu.version_d
 *(.gnu.version_d)

.gnu.version_r
 *(.gnu.version_r)

.rel.init
 *(.rel.init)

.rela.init
 *(.rela.init)

.rel.text
 *(.rel.text)
 *(.rel.text.*)
 *(.rel.gnu.linkonce.t*)

.rela.text
 *(.rela.text)
 *(.rela.text.*)
 *(.rela.gnu.linkonce.t*)

.rel.fini
 *(.rel.fini)

.rela.fini
 *(.rela.fini)

.rel.rodata
 *(.rel.rodata)
 *(.rel.rodata.*)
 *(.rel.gnu.linkonce.r*)

.rela.rodata
 *(.rela.rodata)
 *(.rela.rodata.*)
 *(.rela.gnu.linkonce.r*)

.rel.data
 *(.rel.data)
 *(.rel.data.*)
 *(.rel.gnu.linkonce.d*)

.rela.data
 *(.rela.data)
 *(.rela.data.*)
 *(.rela.gnu.linkonce.d*)

.rel.ctors
 *(.rel.ctors)

.rela.ctors
 *(.rela.ctors)

.rel.dtors
 *(.rel.dtors)

.rela.dtors
 *(.rela.dtors)

.rel.got
 *(.rel.got)

.rela.got
 *(.rela.got)

.rel.bss
 *(.rel.bss)

.rela.bss
 *(.rela.bss)

.rel.plt
 *(.rel.plt)

.rela.plt
 *(.rela.plt)

.text           0x0000000000007000      0xea0
 *(.vectors)
 .vectors       0x0000000000007000       0xac /home/vash/arduino-1.8.5/hardware/FLUO_IoT/avr/bootloaders/avr8-gnu-toolchain-linux_x86_64/bin/../lib/gcc/avr/4.9.2/../../../../avr/lib/avr5/crtatmega32u4.o
                0x0000000000007000                __vectors
                0x0000000000007000                __vector_default
 *(.vectors)
 *(.progmem.gcc*)
 .progmem.gcc_sw_table.USB_Device_ProcessControlRequest
                0x00000000000070ac       0x14 ../lufa-LUFA-111009/LUFA/Drivers/USB/Core/DeviceStandardReq.o
                0x00000000000070c0                . = ALIGN (0x2)
                0x00000000000070c0                __trampolines_start = .
 *(.trampolines)
 .trampolines   0x00000000000070c0        0x0 linker stubs
 *(.trampolines*)
                0x00000000000070c0                __trampolines_end = .
 *libprintf_flt.a:*(.progmem.data)
 *libc.a:*(.progmem.data)
 *(.progmem*)
                0x00000000000070c0                . = ALIGN (0x2)
 *(.jumptables)
 *(.jumptables*)
 *(.lowtext)
 *(.lowtext*)
                0x00000000000070c0                __ctors_start = .
 *(.ctors)
                0x00000000000070c0                __ctors_end = .
                0x00000000000070c0                __dtors_start = .
 *(.dtors)
                0x00000000000070c0                __dtors_end = .
 SORT(*)(.ctors)
 SORT(*)(.dtors)
 *(.init0)
 .init0         0x00000000000070c0        0x0 /home/vash/arduino-1.8.5/hardware/FLUO_IoT/avr/bootloaders/avr8-gnu-toolchain-linux_x86_64/bin/../lib/gcc/avr/4.9.2/../../../../avr/lib/avr5/crtatmega32u4.o
                0x00000000000070c0                __init
 *(.init0)
 *(.init1)
 *(.init1)
 *(.init2)
 .init2         0x00000000000070c0        0xc /home/vash/arduino-1.8.5/hardware/FLUO_IoT/avr/bootloaders/avr8-gnu-toolchain-linux_x86_64/bin/../lib/gcc/avr/4.9.2/../../../../avr/lib/avr5/crtatmega32u4.o
 *(.init2)
 *(.init3)
 *(.init3)
 *(.init4)
 .init4         0x00000000000070cc       0x16 /home/vash/arduino-1.8.5/hardware/FLUO_IoT/avr/bootloaders/avr8-gnu-toolchain-linux_x86_64/bin/../lib/gcc/avr/4.9.2/avr5/libgcc.a(_copy_data.o)
                0x00000000000070cc                __do_copy_data
 .init4         0x00000000000070e2       0x10 /home/vash/arduino-1.8.5/hardware/FLUO_IoT/avr/bootloaders/avr8-gnu-toolchain-linux_x86_64/bin/../lib/gcc/avr/4.9.2/avr5/libgcc.a(_clear_bss.o)
                0x00000000000070e2                __do_clear_bss
 *(.init4)
 *(.init5)
 *(.init5)
 *(.init6)
 *(.init6)
 *(.init7)
 *(.init7)
 *(.init8)
 *(.init8)
 *(.init9)
 .init9         0x00000000000070f2        0x4 /home/vash/arduino-1.8.5/hardware/FLUO_IoT/avr/bootloaders/avr8-gnu-toolchain-linux_x86_64/bin/../lib/gcc/avr/4.9.2/../../../../avr/lib/avr5/crtatmega32u4.o
 *(.init9)
 *(.text)
 .text          0x00000000000070f6        0x2 /home/vash/arduino-1.8.5/hardware/FLUO_IoT/avr/bootloaders/avr8-gnu-toolchain-linux_x86_64/bin/../lib/gcc/avr/4.9.2/../../../../avr/lib/avr5/crtatmega32u4.o
                0x00000000000070f6                __vector_38
                0x00000000000070f6                __vector_22
                0x00000000000070f6                __vector_28
                0x00000000000070f6                __vector_1
                0x00000000000070f6                __vector_32
                0x00000000000070f6                __vector_34
                0x00000000000070f6                __vector_24
                0x00000000000070f6                __vector_12
                0x00000000000070f6                __bad_interrupt
                0x00000000000070f6                __vector_6
                0x00000000000070f6                __vector_31
                0x00000000000070f6                __vector_35
                0x00000000000070f6                __vector_39
                0x00000000000070f6                __vector_3
                0x00000000000070f6                __vector_23
                0x00000000000070f6                __vector_30
                0x00000000000070f6                __vector_25
                0x00000000000070f6                __vector_11
                0x00000000000070f6                __vector_13
                0x00000000000070f6                __vector_19
                0x00000000000070f6                __vector_7
                0x00000000000070f6                __vector_41
                0x00000000000070f6                __vector_27
                0x00000000000070f6                __vector_5
                0x00000000000070f6                __vector_33
                0x00000000000070f6                __vector_37
                0x00000000000070f6                __vector_4
                0x00000000000070f6                __vector_9
                0x00000000000070f6                __vector_2
                0x00000000000070f6                __vector_21
                0x00000000000070f6                __vector_15
                0x00000000000070f6                __vector_36
                0x00000000000070f6                __vector_29
                0x00000000000070f6                __vector_40
                0x00000000000070f6                __vector_8
                0x00000000000070f6                __vector_26
                0x00000000000070f6                __vector_14
                0x00000000000070f6                __vector_16
                0x00000000000070f6                __vector_18
                0x00000000000070f6                __vector_20
                0x00000000000070f6                __vector_42
                0x00000000000070f8                . = ALIGN (0x2)
 *(.text.*)
 .text.FetchNextCommandByte
                0x00000000000070f8       0x2e Caterina.o
 .text.WriteNextResponseByte
                0x0000000000007126       0x3c Caterina.o
 .text.StartSketch
                0x0000000000007162       0x24 Caterina.o
                0x0000000000007162                StartSketch
 .text.LEDPulse
                0x0000000000007186       0x2c Caterina.o
                0x0000000000007186                LEDPulse
 .text.SetupHardware
                0x00000000000071b2       0x60 Caterina.o
                0x00000000000071b2                SetupHardware
 .text.__vector_17
                0x0000000000007212       0x86 Caterina.o
                0x0000000000007212                __vector_17
 .text.EVENT_USB_Device_ConfigurationChanged
                0x0000000000007298       0x18 Caterina.o
                0x0000000000007298                EVENT_USB_Device_ConfigurationChanged
 .text.EVENT_USB_Device_ControlRequest
                0x00000000000072b0       0x5c Caterina.o
                0x00000000000072b0                EVENT_USB_Device_ControlRequest
 .text.CDC_Task
                0x000000000000730c      0x4a0 Caterina.o
                0x000000000000730c                CDC_Task
 .text.startup.main
                0x00000000000077ac       0xa2 Caterina.o
                0x00000000000077ac                main
 .text.CALLBACK_USB_GetDescriptor
                0x000000000000784e       0x64 Descriptors.o
                0x000000000000784e                CALLBACK_USB_GetDescriptor
 .text.Endpoint_ConfigureEndpoint_Prv
                0x00000000000078b2       0x26 ../lufa-LUFA-111009/LUFA/Drivers/USB/Core/AVR8/Endpoint_AVR8.o
                0x00000000000078b2                Endpoint_ConfigureEndpoint_Prv
 .text.Endpoint_ClearStatusStage
                0x00000000000078d8       0x3a ../lufa-LUFA-111009/LUFA/Drivers/USB/Core/AVR8/Endpoint_AVR8.o
                0x00000000000078d8                Endpoint_ClearStatusStage
 .text.USB_ResetInterface
                0x0000000000007912       0x76 ../lufa-LUFA-111009/LUFA/Drivers/USB/Core/AVR8/USBController_AVR8.o
                0x0000000000007912                USB_ResetInterface
 .text.USB_Init
                0x0000000000007988       0x16 ../lufa-LUFA-111009/LUFA/Drivers/USB/Core/AVR8/USBController_AVR8.o
                0x0000000000007988                USB_Init
 .text.USB_INT_DisableAllInterrupts
                0x000000000000799e       0x10 ../lufa-LUFA-111009/LUFA/Drivers/USB/Core/AVR8/USBInterrupt_AVR8.o
                0x000000000000799e                USB_INT_DisableAllInterrupts
 .text.USB_INT_ClearAllInterrupts
                0x00000000000079ae        0xa ../lufa-LUFA-111009/LUFA/Drivers/USB/Core/AVR8/USBInterrupt_AVR8.o
                0x00000000000079ae                USB_INT_ClearAllInterrupts
 .text.__vector_10
                0x00000000000079b8      0x162 ../lufa-LUFA-111009/LUFA/Drivers/USB/Core/AVR8/USBInterrupt_AVR8.o
                0x00000000000079b8                __vector_10
 .text.Endpoint_Write_Control_Stream_LE
                0x0000000000007b1a       0xba ../lufa-LUFA-111009/LUFA/Drivers/USB/Core/AVR8/EndpointStream_AVR8.o
                0x0000000000007b1a                Endpoint_Write_Control_Stream_LE
 .text.Endpoint_Read_Control_Stream_LE
                0x0000000000007bd4       0x7c ../lufa-LUFA-111009/LUFA/Drivers/USB/Core/AVR8/EndpointStream_AVR8.o
                0x0000000000007bd4                Endpoint_Read_Control_Stream_LE
 .text.USB_Device_ProcessControlRequest
                0x0000000000007c50      0x1f0 ../lufa-LUFA-111009/LUFA/Drivers/USB/Core/DeviceStandardReq.o
                0x0000000000007c50                USB_Device_ProcessControlRequest
 .text.USB_Event_Stub
                0x0000000000007e40        0x2 ../lufa-LUFA-111009/LUFA/Drivers/USB/Core/Events.o
                0x0000000000007e40                EVENT_USB_Device_Connect
                0x0000000000007e40                EVENT_USB_Device_WakeUp
                0x0000000000007e40                USB_Event_Stub
                0x0000000000007e40                EVENT_USB_Device_Suspend
                0x0000000000007e40                EVENT_USB_Device_StartOfFrame
                0x0000000000007e40                EVENT_USB_Device_Disconnect
                0x0000000000007e40                EVENT_USB_Device_Reset
 .text.USB_USBTask
                0x0000000000007e42       0x22 ../lufa-LUFA-111009/LUFA/Drivers/USB/Core/USBTask.o
                0x0000000000007e42                USB_USBTask
 .text.libgcc   0x0000000000007e64        0xc /home/vash/arduino-1.8.5/hardware/FLUO_IoT/avr/bootloaders/avr8-gnu-toolchain-linux_x86_64/bin/../lib/gcc/avr/4.9.2/avr5/libgcc.a(_tablejump2.o)
                0x0000000000007e64                __tablejump2__
 .text.avr-libc
                0x0000000000007e70       0x10 /home/vash/arduino-1.8.5/hardware/FLUO_IoT/avr/bootloaders/avr8-gnu-toolchain-linux_x86_64/bin/../lib/gcc/avr/4.9.2/../../../../avr/lib/avr5/libatmega32u4.a(eerd_byte.o)
                0x0000000000007e70                eeprom_read_byte
 .text.avr-libc
                0x0000000000007e80       0x1c /home/vash/arduino-1.8.5/hardware/FLUO_IoT/avr/bootloaders/avr8-gnu-toolchain-linux_x86_64/bin/../lib/gcc/avr/4.9.2/../../../../avr/lib/avr5/libatmega32u4.a(eewr_byte.o)
                0x0000000000007e80                eeprom_write_byte
                0x0000000000007e82                eeprom_write_r18
                0x0000000000007e9c                . = ALIGN (0x2)
 *(.fini9)
 .fini9         0x0000000000007e9c        0x0 /home/vash/arduino-1.8.5/hardware/FLUO_IoT/avr/bootloaders/avr8-gnu-toolchain-linux_x86_64/bin/../lib/gcc/avr/4.9.2/avr5/libgcc.a(_exit.o)
                0x0000000000007e9c                exit
                0x0000000000007e9c                _exit
 *(.fini9)
 *(.fini8)
 *(.fini8)
 *(.fini7)
 *(.fini7)
 *(.fini6)
 *(.fini6)
 *(.fini5)
 *(.fini5)
 *(.fini4)
 *(.fini4)
 *(.fini3)
 *(.fini3)
 *(.fini2)
 *(.fini2)
 *(.fini1)
 *(.fini1)
 *(.fini0)
 .fini0         0x0000000000007e9c        0x4 /home/vash/arduino-1.8.5/hardware/FLUO_IoT/avr/bootloaders/avr8-gnu-toolchain-linux_x86_64/bin/../lib/gcc/avr/4.9.2/avr5/libgcc.a(_exit.o)
 *(.fini0)
                0x0000000000007ea0                _etext = .

.data           0x0000000000800100       0xba load address 0x0000000000007ea0
                0x0000000000800100                PROVIDE (__data_start, .)
 *(.data)
 .data          0x0000000000800100        0xa Caterina.o
                0x0000000000800100                bootKey
 *(.data*)
 *(.rodata)
 .rodata        0x000000000080010a       0xa6 Descriptors.o
                0x000000000080010a                ManufNameString
                0x0000000000800134                ProductString
                0x000000000080015c                LanguageString
                0x0000000000800160                ConfigurationDescriptor
                0x000000000080019e                DeviceDescriptor
 *(.rodata*)
 .rodata.str1.1
                0x00000000008001b0        0x9 Caterina.o
 *(.gnu.linkonce.d*)
                0x00000000008001ba                . = ALIGN (0x2)
 *fill*         0x00000000008001b9        0x1 
                0x00000000008001ba                _edata = .
                0x00000000008001ba                PROVIDE (__data_end, .)

.bss            0x00000000008001ba       0x16
                0x00000000008001ba                PROVIDE (__bss_start, .)
 *(.bss)
 .bss           0x00000000008001ba        0xa Caterina.o
                0x00000000008001ba                Timeout
                0x00000000008001bc                RxLEDPulse
                0x00000000008001be                TxLEDPulse
 *(.bss*)
 *(COMMON)
 COMMON         0x00000000008001c4        0x2 Caterina.o
                0x00000000008001c4                LLEDPulse
 COMMON         0x00000000008001c6        0x1 ../lufa-LUFA-111009/LUFA/Drivers/USB/Core/DeviceStandardReq.o
                0x00000000008001c6                USB_Device_ConfigurationNumber
 COMMON         0x00000000008001c7        0x9 ../lufa-LUFA-111009/LUFA/Drivers/USB/Core/USBTask.o
                0x00000000008001c7                USB_IsInitialized
                0x00000000008001c8                USB_ControlRequest
                0x00000000008001d0                PROVIDE (__bss_end, .)
                0x0000000000007ea0                __data_load_start = LOADADDR (.data)
                0x0000000000007f5a                __data_load_end = (__data_load_start + SIZEOF (.data))

.noinit         0x00000000008001d0        0x0
                [!provide]                        PROVIDE (__noinit_start, .)
 *(.noinit*)
                [!provide]                        PROVIDE (__noinit_end, .)
                0x00000000008001d0                _end = .
                [!provide]                        PROVIDE (__heap_start, .)

.eeprom         0x0000000000810000        0x0
 *(.eeprom*)
                0x0000000000810000                __eeprom_end = .

.fuse
 *(.fuse)
 *(.lfuse)
 *(.hfuse)
 *(.efuse)

.lock
 *(.lock*)

.signature
 *(.signature*)

.user_signatures
 *(.user_signatures*)

.stab
 *(.stab)

.stabstr
 *(.stabstr)

.stab.excl
 *(.stab.excl)

.stab.exclstr
 *(.stab.exclstr)

.stab.index
 *(.stab.index)

.stab.indexstr
 *(.stab.indexstr)

.comment        0x0000000000000000       0x30
 *(.comment)
 .comment       0x0000000000000000       0x30 Caterina.o
                                         0x31 (size before relaxing)
 .comment       0x0000000000000030       0x31 Descriptors.o
 .comment       0x0000000000000030       0x31 ../lufa-LUFA-111009/LUFA/Drivers/USB/Core/AVR8/Endpoint_AVR8.o
 .comment       0x0000000000000030       0x31 ../lufa-LUFA-111009/LUFA/Drivers/USB/Core/AVR8/USBController_AVR8.o
 .comment       0x0000000000000030       0x31 ../lufa-LUFA-111009/LUFA/Drivers/USB/Core/AVR8/USBInterrupt_AVR8.o
 .comment       0x0000000000000030       0x31 ../lufa-LUFA-111009/LUFA/Drivers/USB/Core/AVR8/EndpointStream_AVR8.o
 .comment       0x0000000000000030       0x31 ../lufa-LUFA-111009/LUFA/Drivers/USB/Core/DeviceStandardReq.o
 .comment       0x0000000000000030       0x31 ../lufa-LUFA-111009/LUFA/Drivers/USB/Core/Events.o
 .comment       0x0000000000000030       0x31 ../lufa-LUFA-111009/LUFA/Drivers/USB/Core/USBTask.o

.note.gnu.avr.deviceinfo
                0x0000000000000000       0x40
 .note.gnu.avr.deviceinfo
                0x0000000000000000       0x40 /home/vash/arduino-1.8.5/hardware/FLUO_IoT/avr/bootloaders/avr8-gnu-toolchain-linux_x86_64/bin/../lib/gcc/avr/4.9.2/../../../../avr/lib/avr5/crtatmega32u4.o

.note.gnu.build-id
 *(.note.gnu.build-id)

.debug
 *(.debug)

.line
 *(.line)

.debug_srcinfo
 *(.debug_srcinfo)

.debug_sfnames
 *(.debug_sfnames)

.debug_aranges  0x0000000000000000      0x248
 *(.debug_aranges)
 .debug_aranges
                0x0000000000000000       0x68 Caterina.o
 .debug_aranges
                0x0000000000000068       0x20 Descriptors.o
 .debug_aranges
                0x0000000000000088       0x38 ../lufa-LUFA-111009/LUFA/Drivers/USB/Core/AVR8/Endpoint_AVR8.o
 .debug_aranges
                0x00000000000000c0       0x30 ../lufa-LUFA-111009/LUFA/Drivers/USB/Core/AVR8/USBController_AVR8.o
 .debug_aranges
                0x00000000000000f0       0x30 ../lufa-LUFA-111009/LUFA/Drivers/USB/Core/AVR8/USBInterrupt_AVR8.o
 .debug_aranges
                0x0000000000000120       0xc8 ../lufa-LUFA-111009/LUFA/Drivers/USB/Core/AVR8/EndpointStream_AVR8.o
 .debug_aranges
                0x00000000000001e8       0x20 ../lufa-LUFA-111009/LUFA/Drivers/USB/Core/DeviceStandardReq.o
 .debug_aranges
                0x0000000000000208       0x20 ../lufa-LUFA-111009/LUFA/Drivers/USB/Core/Events.o
 .debug_aranges
                0x0000000000000228       0x20 ../lufa-LUFA-111009/LUFA/Drivers/USB/Core/USBTask.o

.debug_pubnames
 *(.debug_pubnames)

.debug_info     0x0000000000000000     0x4f37
 *(.debug_info .gnu.linkonce.wi.*)
 .debug_info    0x0000000000000000      0x9f4 /home/vash/arduino-1.8.5/hardware/FLUO_IoT/avr/bootloaders/avr8-gnu-toolchain-linux_x86_64/bin/../lib/gcc/avr/4.9.2/../../../../avr/lib/avr5/crtatmega32u4.o
 .debug_info    0x00000000000009f4      0xe21 Caterina.o
 .debug_info    0x0000000000001815      0x659 Descriptors.o
 .debug_info    0x0000000000001e6e      0x3d9 ../lufa-LUFA-111009/LUFA/Drivers/USB/Core/AVR8/Endpoint_AVR8.o
 .debug_info    0x0000000000002247      0x488 ../lufa-LUFA-111009/LUFA/Drivers/USB/Core/AVR8/USBController_AVR8.o
 .debug_info    0x00000000000026cf      0x5e1 ../lufa-LUFA-111009/LUFA/Drivers/USB/Core/AVR8/USBInterrupt_AVR8.o
 .debug_info    0x0000000000002cb0     0x17cf ../lufa-LUFA-111009/LUFA/Drivers/USB/Core/AVR8/EndpointStream_AVR8.o
 .debug_info    0x000000000000447f      0x80a ../lufa-LUFA-111009/LUFA/Drivers/USB/Core/DeviceStandardReq.o
 .debug_info    0x0000000000004c89       0x78 ../lufa-LUFA-111009/LUFA/Drivers/USB/Core/Events.o
 .debug_info    0x0000000000004d01      0x236 ../lufa-LUFA-111009/LUFA/Drivers/USB/Core/USBTask.o

.debug_abbrev   0x0000000000000000     0x1974
 *(.debug_abbrev)
 .debug_abbrev  0x0000000000000000      0x96a /home/vash/arduino-1.8.5/hardware/FLUO_IoT/avr/bootloaders/avr8-gnu-toolchain-linux_x86_64/bin/../lib/gcc/avr/4.9.2/../../../../avr/lib/avr5/crtatmega32u4.o
 .debug_abbrev  0x000000000000096a      0x3e3 Caterina.o
 .debug_abbrev  0x0000000000000d4d      0x115 Descriptors.o
 .debug_abbrev  0x0000000000000e62      0x176 ../lufa-LUFA-111009/LUFA/Drivers/USB/Core/AVR8/Endpoint_AVR8.o
 .debug_abbrev  0x0000000000000fd8      0x1ba ../lufa-LUFA-111009/LUFA/Drivers/USB/Core/AVR8/USBController_AVR8.o
 .debug_abbrev  0x0000000000001192      0x1c3 ../lufa-LUFA-111009/LUFA/Drivers/USB/Core/AVR8/USBInterrupt_AVR8.o
 .debug_abbrev  0x0000000000001355      0x1fd ../lufa-LUFA-111009/LUFA/Drivers/USB/Core/AVR8/EndpointStream_AVR8.o
 .debug_abbrev  0x0000000000001552      0x282 ../lufa-LUFA-111009/LUFA/Drivers/USB/Core/DeviceStandardReq.o
 .debug_abbrev  0x00000000000017d4       0x44 ../lufa-LUFA-111009/LUFA/Drivers/USB/Core/Events.o
 .debug_abbrev  0x0000000000001818      0x15c ../lufa-LUFA-111009/LUFA/Drivers/USB/Core/USBTask.o

.debug_line     0x0000000000000000     0x3222
 *(.debug_line .debug_line.* .debug_line_end)
 .debug_line    0x0000000000000000       0x1a /home/vash/arduino-1.8.5/hardware/FLUO_IoT/avr/bootloaders/avr8-gnu-toolchain-linux_x86_64/bin/../lib/gcc/avr/4.9.2/../../../../avr/lib/avr5/crtatmega32u4.o
 .debug_line    0x000000000000001a      0x983 Caterina.o
 .debug_line    0x000000000000099d      0x244 Descriptors.o
 .debug_line    0x0000000000000be1      0x3b1 ../lufa-LUFA-111009/LUFA/Drivers/USB/Core/AVR8/Endpoint_AVR8.o
 .debug_line    0x0000000000000f92      0x30c ../lufa-LUFA-111009/LUFA/Drivers/USB/Core/AVR8/USBController_AVR8.o
 .debug_line    0x000000000000129e      0x49a ../lufa-LUFA-111009/LUFA/Drivers/USB/Core/AVR8/USBInterrupt_AVR8.o
 .debug_line    0x0000000000001738     0x1476 ../lufa-LUFA-111009/LUFA/Drivers/USB/Core/AVR8/EndpointStream_AVR8.o
 .debug_line    0x0000000000002bae      0x450 ../lufa-LUFA-111009/LUFA/Drivers/USB/Core/DeviceStandardReq.o
 .debug_line    0x0000000000002ffe       0x60 ../lufa-LUFA-111009/LUFA/Drivers/USB/Core/Events.o
 .debug_line    0x000000000000305e      0x1c4 ../lufa-LUFA-111009/LUFA/Drivers/USB/Core/USBTask.o

.debug_frame    0x0000000000000000      0x760
 *(.debug_frame)
 .debug_frame   0x0000000000000000      0x134 Caterina.o
 .debug_frame   0x0000000000000134       0x24 Descriptors.o
 .debug_frame   0x0000000000000158       0x54 ../lufa-LUFA-111009/LUFA/Drivers/USB/Core/AVR8/Endpoint_AVR8.o
 .debug_frame   0x00000000000001ac       0x5c ../lufa-LUFA-111009/LUFA/Drivers/USB/Core/AVR8/USBController_AVR8.o
 .debug_frame   0x0000000000000208       0x98 ../lufa-LUFA-111009/LUFA/Drivers/USB/Core/AVR8/USBInterrupt_AVR8.o
 .debug_frame   0x00000000000002a0      0x42c ../lufa-LUFA-111009/LUFA/Drivers/USB/Core/AVR8/EndpointStream_AVR8.o
 .debug_frame   0x00000000000006cc       0x44 ../lufa-LUFA-111009/LUFA/Drivers/USB/Core/DeviceStandardReq.o
 .debug_frame   0x0000000000000710       0x24 ../lufa-LUFA-111009/LUFA/Drivers/USB/Core/Events.o
 .debug_frame   0x0000000000000734       0x2c ../lufa-LUFA-111009/LUFA/Drivers/USB/Core/USBTask.o

.debug_str      0x0000000000000000     0x20c9
 *(.debug_str)
 .debug_str     0x0000000000000000      0x371 /home/vash/arduino-1.8.5/hardware/FLUO_IoT/avr/bootloaders/avr8-gnu-toolchain-linux_x86_64/bin/../lib/gcc/avr/4.9.2/../../../../avr/lib/avr5/crtatmega32u4.o
 .debug_str     0x0000000000000371      0x84b Caterina.o
                                        0x8e1 (size before relaxing)
 .debug_str     0x0000000000000bbc      0x62a Descriptors.o
                                        0x831 (size before relaxing)
 .debug_str     0x00000000000011e6      0x245 ../lufa-LUFA-111009/LUFA/Drivers/USB/Core/AVR8/Endpoint_AVR8.o
                                        0x56d (size before relaxing)
 .debug_str     0x000000000000142b      0x251 ../lufa-LUFA-111009/LUFA/Drivers/USB/Core/AVR8/USBController_AVR8.o
                                        0x52d (size before relaxing)
 .debug_str     0x000000000000167c      0x157 ../lufa-LUFA-111009/LUFA/Drivers/USB/Core/AVR8/USBInterrupt_AVR8.o
                                        0x523 (size before relaxing)
 .debug_str     0x00000000000017d3      0x4a7 ../lufa-LUFA-111009/LUFA/Drivers/USB/Core/AVR8/EndpointStream_AVR8.o
                                        0x877 (size before relaxing)
 .debug_str     0x0000000000001c7a      0x3a1 ../lufa-LUFA-111009/LUFA/Drivers/USB/Core/DeviceStandardReq.o
                                        0x7db (size before relaxing)
 .debug_str     0x000000000000201b       0x42 ../lufa-LUFA-111009/LUFA/Drivers/USB/Core/Events.o
                                        0x1bf (size before relaxing)
 .debug_str     0x000000000000205d       0x6c ../lufa-LUFA-111009/LUFA/Drivers/USB/Core/USBTask.o
                                        0x379 (size before relaxing)

.debug_loc      0x0000000000000000     0x2d8e
 *(.debug_loc)
 .debug_loc     0x0000000000000000      0x6d9 Caterina.o
 .debug_loc     0x00000000000006d9      0x1f4 Descriptors.o
 .debug_loc     0x00000000000008cd       0xf9 ../lufa-LUFA-111009/LUFA/Drivers/USB/Core/AVR8/Endpoint_AVR8.o
 .debug_loc     0x00000000000009c6       0x49 ../lufa-LUFA-111009/LUFA/Drivers/USB/Core/AVR8/USBController_AVR8.o
 .debug_loc     0x0000000000000a0f      0x1e3 ../lufa-LUFA-111009/LUFA/Drivers/USB/Core/AVR8/USBInterrupt_AVR8.o
 .debug_loc     0x0000000000000bf2     0x1ef6 ../lufa-LUFA-111009/LUFA/Drivers/USB/Core/AVR8/EndpointStream_AVR8.o
 .debug_loc     0x0000000000002ae8      0x25d ../lufa-LUFA-111009/LUFA/Drivers/USB/Core/DeviceStandardReq.o
 .debug_loc     0x0000000000002d45       0x49 ../lufa-LUFA-111009/LUFA/Drivers/USB/Core/USBTask.o

.debug_macinfo
 *(.debug_macinfo)

.debug_weaknames
 *(.debug_weaknames)

.debug_funcnames
 *(.debug_funcnames)

.debug_typenames
 *(.debug_typenames)

.debug_varnames
 *(.debug_varnames)

.debug_pubtypes
 *(.debug_pubtypes)

.debug_ranges   0x0000000000000000      0x328
 *(.debug_ranges)
 .debug_ranges  0x0000000000000000       0x70 Caterina.o
 .debug_ranges  0x0000000000000070       0x10 Descriptors.o
 .debug_ranges  0x0000000000000080       0x28 ../lufa-LUFA-111009/LUFA/Drivers/USB/Core/AVR8/Endpoint_AVR8.o
 .debug_ranges  0x00000000000000a8       0x20 ../lufa-LUFA-111009/LUFA/Drivers/USB/Core/AVR8/USBController_AVR8.o
 .debug_ranges  0x00000000000000c8       0x20 ../lufa-LUFA-111009/LUFA/Drivers/USB/Core/AVR8/USBInterrupt_AVR8.o
 .debug_ranges  0x00000000000000e8      0x1f8 ../lufa-LUFA-111009/LUFA/Drivers/USB/Core/AVR8/EndpointStream_AVR8.o
 .debug_ranges  0x00000000000002e0       0x28 ../lufa-LUFA-111009/LUFA/Drivers/USB/Core/DeviceStandardReq.o
 .debug_ranges  0x0000000000000308       0x10 ../lufa-LUFA-111009/LUFA/Drivers/USB/Core/Events.o
 .debug_ranges  0x0000000000000318       0x10 ../lufa-LUFA-111009/LUFA/Drivers/USB/Core/USBTask.o

.debug_macro
 *(.debug_macro)
OUTPUT(Caterina.elf elf32-avr)
LOAD linker stubs

Cross Reference Table

Symbol                                            File
CALLBACK_HIDParser_FilterHIDReportItem            ../lufa-LUFA-111009/LUFA/Drivers/USB/Class/Common/HIDParser.o
CALLBACK_USB_GetDescriptor                        Descriptors.o
                                                  ../lufa-LUFA-111009/LUFA/Drivers/USB/Core/DeviceStandardReq.o
CDC_Task                                          Caterina.o
ConfigurationDescriptor                           Descriptors.o
DeviceDescriptor                                  Descriptors.o
EVENT_USB_Device_ConfigurationChanged             Caterina.o
                                                  ../lufa-LUFA-111009/LUFA/Drivers/USB/Core/DeviceStandardReq.o
EVENT_USB_Device_Connect                          ../lufa-LUFA-111009/LUFA/Drivers/USB/Core/Events.o
                                                  ../lufa-LUFA-111009/LUFA/Drivers/USB/Core/AVR8/USBInterrupt_AVR8.o
EVENT_USB_Device_ControlRequest                   Caterina.o
                                                  ../lufa-LUFA-111009/LUFA/Drivers/USB/Core/DeviceStandardReq.o
EVENT_USB_Device_Disconnect                       ../lufa-LUFA-111009/LUFA/Drivers/USB/Core/Events.o
                                                  ../lufa-LUFA-111009/LUFA/Drivers/USB/Core/AVR8/USBInterrupt_AVR8.o
EVENT_USB_Device_Reset                            ../lufa-LUFA-111009/LUFA/Drivers/USB/Core/Events.o
                                                  ../lufa-LUFA-111009/LUFA/Drivers/USB/Core/AVR8/USBInterrupt_AVR8.o
EVENT_USB_Device_StartOfFrame                     ../lufa-LUFA-111009/LUFA/Drivers/USB/Core/Events.o
EVENT_USB_Device_Suspend                          ../lufa-LUFA-111009/LUFA/Drivers/USB/Core/Events.o
                                                  ../lufa-LUFA-111009/LUFA/Drivers/USB/Core/AVR8/USBInterrupt_AVR8.o
EVENT_USB_Device_WakeUp                           ../lufa-LUFA-111009/LUFA/Drivers/USB/Core/Events.o
                                                  ../lufa-LUFA-111009/LUFA/Drivers/USB/Core/AVR8/USBInterrupt_AVR8.o
Endpoint_ClearEndpoints                           ../lufa-LUFA-111009/LUFA/Drivers/USB/Core/AVR8/Endpoint_AVR8.o
Endpoint_ClearStatusStage                         ../lufa-LUFA-111009/LUFA/Drivers/USB/Core/AVR8/Endpoint_AVR8.o
                                                  ../lufa-LUFA-111009/LUFA/Drivers/USB/Core/DeviceStandardReq.o
Endpoint_ConfigureEndpoint_Prv                    ../lufa-LUFA-111009/LUFA/Drivers/USB/Core/AVR8/Endpoint_AVR8.o
                                                  ../lufa-LUFA-111009/LUFA/Drivers/USB/Core/AVR8/USBInterrupt_AVR8.o
                                                  ../lufa-LUFA-111009/LUFA/Drivers/USB/Core/AVR8/USBController_AVR8.o
                                                  Caterina.o
Endpoint_Discard_Stream                           ../lufa-LUFA-111009/LUFA/Drivers/USB/Core/AVR8/EndpointStream_AVR8.o
Endpoint_Null_Stream                              ../lufa-LUFA-111009/LUFA/Drivers/USB/Core/AVR8/EndpointStream_AVR8.o
Endpoint_Read_Control_EStream_BE                  ../lufa-LUFA-111009/LUFA/Drivers/USB/Core/AVR8/EndpointStream_AVR8.o
Endpoint_Read_Control_EStream_LE                  ../lufa-LUFA-111009/LUFA/Drivers/USB/Core/AVR8/EndpointStream_AVR8.o
Endpoint_Read_Control_Stream_BE                   ../lufa-LUFA-111009/LUFA/Drivers/USB/Core/AVR8/EndpointStream_AVR8.o
Endpoint_Read_Control_Stream_LE                   ../lufa-LUFA-111009/LUFA/Drivers/USB/Core/AVR8/EndpointStream_AVR8.o
                                                  Caterina.o
Endpoint_Read_EStream_BE                          ../lufa-LUFA-111009/LUFA/Drivers/USB/Core/AVR8/EndpointStream_AVR8.o
Endpoint_Read_EStream_LE                          ../lufa-LUFA-111009/LUFA/Drivers/USB/Core/AVR8/EndpointStream_AVR8.o
Endpoint_Read_Stream_BE                           ../lufa-LUFA-111009/LUFA/Drivers/USB/Core/AVR8/EndpointStream_AVR8.o
Endpoint_Read_Stream_LE                           ../lufa-LUFA-111009/LUFA/Drivers/USB/Core/AVR8/EndpointStream_AVR8.o
Endpoint_WaitUntilReady                           ../lufa-LUFA-111009/LUFA/Drivers/USB/Core/AVR8/Endpoint_AVR8.o
                                                  ../lufa-LUFA-111009/LUFA/Drivers/USB/Core/AVR8/EndpointStream_AVR8.o
Endpoint_Write_Control_EStream_BE                 ../lufa-LUFA-111009/LUFA/Drivers/USB/Core/AVR8/EndpointStream_AVR8.o
Endpoint_Write_Control_EStream_LE                 ../lufa-LUFA-111009/LUFA/Drivers/USB/Core/AVR8/EndpointStream_AVR8.o
Endpoint_Write_Control_PStream_BE                 ../lufa-LUFA-111009/LUFA/Drivers/USB/Core/AVR8/EndpointStream_AVR8.o
Endpoint_Write_Control_PStream_LE                 ../lufa-LUFA-111009/LUFA/Drivers/USB/Core/AVR8/EndpointStream_AVR8.o
Endpoint_Write_Control_Stream_BE                  ../lufa-LUFA-111009/LUFA/Drivers/USB/Core/AVR8/EndpointStream_AVR8.o
Endpoint_Write_Control_Stream_LE                  ../lufa-LUFA-111009/LUFA/Drivers/USB/Core/AVR8/EndpointStream_AVR8.o
                                                  ../lufa-LUFA-111009/LUFA/Drivers/USB/Core/DeviceStandardReq.o
                                                  Caterina.o
Endpoint_Write_EStream_BE                         ../lufa-LUFA-111009/LUFA/Drivers/USB/Core/AVR8/EndpointStream_AVR8.o
Endpoint_Write_EStream_LE                         ../lufa-LUFA-111009/LUFA/Drivers/USB/Core/AVR8/EndpointStream_AVR8.o
Endpoint_Write_PStream_BE                         ../lufa-LUFA-111009/LUFA/Drivers/USB/Core/AVR8/EndpointStream_AVR8.o
Endpoint_Write_PStream_LE                         ../lufa-LUFA-111009/LUFA/Drivers/USB/Core/AVR8/EndpointStream_AVR8.o
Endpoint_Write_Stream_BE                          ../lufa-LUFA-111009/LUFA/Drivers/USB/Core/AVR8/EndpointStream_AVR8.o
Endpoint_Write_Stream_LE                          ../lufa-LUFA-111009/LUFA/Drivers/USB/Core/AVR8/EndpointStream_AVR8.o
LEDPulse                                          Caterina.o
LLEDPulse                                         Caterina.o
LanguageString                                    Descriptors.o
ManufNameString                                   Descriptors.o
ProductString                                     Descriptors.o
RxLEDPulse                                        Caterina.o
SetupHardware                                     Caterina.o
StartSketch                                       Caterina.o
Timeout                                           Caterina.o
TxLEDPulse                                        Caterina.o
USB_ControlRequest                                ../lufa-LUFA-111009/LUFA/Drivers/USB/Core/USBTask.o
                                                  ../lufa-LUFA-111009/LUFA/Drivers/USB/Core/DeviceStandardReq.o
                                                  ../lufa-LUFA-111009/LUFA/Drivers/USB/Core/AVR8/EndpointStream_AVR8.o
                                                  ../lufa-LUFA-111009/LUFA/Drivers/USB/Core/AVR8/Endpoint_AVR8.o
                                                  Caterina.o
USB_Device_ConfigurationNumber                    ../lufa-LUFA-111009/LUFA/Drivers/USB/Core/DeviceStandardReq.o
                                                  ../lufa-LUFA-111009/LUFA/Drivers/USB/Core/AVR8/USBInterrupt_AVR8.o
                                                  ../lufa-LUFA-111009/LUFA/Drivers/USB/Core/AVR8/USBController_AVR8.o
USB_Device_ProcessControlRequest                  ../lufa-LUFA-111009/LUFA/Drivers/USB/Core/DeviceStandardReq.o
                                                  ../lufa-LUFA-111009/LUFA/Drivers/USB/Core/USBTask.o
USB_Device_SendRemoteWakeup                       ../lufa-LUFA-111009/LUFA/Drivers/USB/Core/AVR8/Device_AVR8.o
USB_Disable                                       ../lufa-LUFA-111009/LUFA/Drivers/USB/Core/AVR8/USBController_AVR8.o
USB_Event_Stub                                    ../lufa-LUFA-111009/LUFA/Drivers/USB/Core/Events.o
USB_GetHIDReportItemInfo                          ../lufa-LUFA-111009/LUFA/Drivers/USB/Class/Common/HIDParser.o
USB_GetHIDReportSize                              ../lufa-LUFA-111009/LUFA/Drivers/USB/Class/Common/HIDParser.o
USB_GetNextDescriptorComp                         ../lufa-LUFA-111009/LUFA/Drivers/USB/Core/ConfigDescriptor.o
USB_GetNextDescriptorOfType                       ../lufa-LUFA-111009/LUFA/Drivers/USB/Core/ConfigDescriptor.o
USB_GetNextDescriptorOfTypeAfter                  ../lufa-LUFA-111009/LUFA/Drivers/USB/Core/ConfigDescriptor.o
USB_GetNextDescriptorOfTypeBefore                 ../lufa-LUFA-111009/LUFA/Drivers/USB/Core/ConfigDescriptor.o
USB_INT_ClearAllInterrupts                        ../lufa-LUFA-111009/LUFA/Drivers/USB/Core/AVR8/USBInterrupt_AVR8.o
                                                  ../lufa-LUFA-111009/LUFA/Drivers/USB/Core/AVR8/USBController_AVR8.o
USB_INT_DisableAllInterrupts                      ../lufa-LUFA-111009/LUFA/Drivers/USB/Core/AVR8/USBInterrupt_AVR8.o
                                                  ../lufa-LUFA-111009/LUFA/Drivers/USB/Core/AVR8/USBController_AVR8.o
USB_Init                                          ../lufa-LUFA-111009/LUFA/Drivers/USB/Core/AVR8/USBController_AVR8.o
                                                  Caterina.o
USB_IsInitialized                                 ../lufa-LUFA-111009/LUFA/Drivers/USB/Core/USBTask.o
                                                  ../lufa-LUFA-111009/LUFA/Drivers/USB/Core/AVR8/USBController_AVR8.o
USB_ProcessHIDReport                              ../lufa-LUFA-111009/LUFA/Drivers/USB/Class/Common/HIDParser.o
USB_ResetInterface                                ../lufa-LUFA-111009/LUFA/Drivers/USB/Core/AVR8/USBController_AVR8.o
USB_SetHIDReportItemInfo                          ../lufa-LUFA-111009/LUFA/Drivers/USB/Class/Common/HIDParser.o
USB_USBTask                                       ../lufa-LUFA-111009/LUFA/Drivers/USB/Core/USBTask.o
                                                  ../lufa-LUFA-111009/LUFA/Drivers/USB/Core/AVR8/EndpointStream_AVR8.o
                                                  Caterina.o
__FUSE_REGION_LENGTH__                            /home/vash/arduino-1.8.5/hardware/FLUO_IoT/avr/bootloaders/avr8-gnu-toolchain-linux_x86_64/bin/../lib/gcc/avr/4.9.2/../../../../avr/lib/avr5/crtatmega32u4.o
__bad_interrupt                                   /home/vash/arduino-1.8.5/hardware/FLUO_IoT/avr/bootloaders/avr8-gnu-toolchain-linux_x86_64/bin/../lib/gcc/avr/4.9.2/../../../../avr/lib/avr5/crtatmega32u4.o
__bss_end                                         /home/vash/arduino-1.8.5/hardware/FLUO_IoT/avr/bootloaders/avr8-gnu-toolchain-linux_x86_64/bin/../lib/gcc/avr/4.9.2/avr5/libgcc.a(_clear_bss.o)
__bss_start                                       /home/vash/arduino-1.8.5/hardware/FLUO_IoT/avr/bootloaders/avr8-gnu-toolchain-linux_x86_64/bin/../lib/gcc/avr/4.9.2/avr5/libgcc.a(_clear_bss.o)
__data_end                                        /home/vash/arduino-1.8.5/hardware/FLUO_IoT/avr/bootloaders/avr8-gnu-toolchain-linux_x86_64/bin/../lib/gcc/avr/4.9.2/avr5/libgcc.a(_copy_data.o)
__data_load_start                                 /home/vash/arduino-1.8.5/hardware/FLUO_IoT/avr/bootloaders/avr8-gnu-toolchain-linux_x86_64/bin/../lib/gcc/avr/4.9.2/avr5/libgcc.a(_copy_data.o)
__data_start                                      /home/vash/arduino-1.8.5/hardware/FLUO_IoT/avr/bootloaders/avr8-gnu-toolchain-linux_x86_64/bin/../lib/gcc/avr/4.9.2/avr5/libgcc.a(_copy_data.o)
__do_clear_bss                                    /home/vash/arduino-1.8.5/hardware/FLUO_IoT/avr/bootloaders/avr8-gnu-toolchain-linux_x86_64/bin/../lib/gcc/avr/4.9.2/avr5/libgcc.a(_clear_bss.o)
                                                  ../lufa-LUFA-111009/LUFA/Drivers/USB/Core/USBTask.o
                                                  ../lufa-LUFA-111009/LUFA/Drivers/USB/Core/DeviceStandardReq.o
                                                  Caterina.o
__do_copy_data                                    /home/vash/arduino-1.8.5/hardware/FLUO_IoT/avr/bootloaders/avr8-gnu-toolchain-linux_x86_64/bin/../lib/gcc/avr/4.9.2/avr5/libgcc.a(_copy_data.o)
                                                  Descriptors.o
                                                  Caterina.o
__heap_end                                        /home/vash/arduino-1.8.5/hardware/FLUO_IoT/avr/bootloaders/avr8-gnu-toolchain-linux_x86_64/bin/../lib/gcc/avr/4.9.2/../../../../avr/lib/avr5/crtatmega32u4.o
__init                                            /home/vash/arduino-1.8.5/hardware/FLUO_IoT/avr/bootloaders/avr8-gnu-toolchain-linux_x86_64/bin/../lib/gcc/avr/4.9.2/../../../../avr/lib/avr5/crtatmega32u4.o
__stack                                           /home/vash/arduino-1.8.5/hardware/FLUO_IoT/avr/bootloaders/avr8-gnu-toolchain-linux_x86_64/bin/../lib/gcc/avr/4.9.2/../../../../avr/lib/avr5/crtatmega32u4.o
__tablejump2__                                    /home/vash/arduino-1.8.5/hardware/FLUO_IoT/avr/bootloaders/avr8-gnu-toolchain-linux_x86_64/bin/../lib/gcc/avr/4.9.2/avr5/libgcc.a(_tablejump2.o)
                                                  ../lufa-LUFA-111009/LUFA/Drivers/USB/Core/DeviceStandardReq.o
__vector_1                                        /home/vash/arduino-1.8.5/hardware/FLUO_IoT/avr/bootloaders/avr8-gnu-toolchain-linux_x86_64/bin/../lib/gcc/avr/4.9.2/../../../../avr/lib/avr5/crtatmega32u4.o
__vector_10                                       ../lufa-LUFA-111009/LUFA/Drivers/USB/Core/AVR8/USBInterrupt_AVR8.o
                                                  /home/vash/arduino-1.8.5/hardware/FLUO_IoT/avr/bootloaders/avr8-gnu-toolchain-linux_x86_64/bin/../lib/gcc/avr/4.9.2/../../../../avr/lib/avr5/crtatmega32u4.o
__vector_11                                       /home/vash/arduino-1.8.5/hardware/FLUO_IoT/avr/bootloaders/avr8-gnu-toolchain-linux_x86_64/bin/../lib/gcc/avr/4.9.2/../../../../avr/lib/avr5/crtatmega32u4.o
__vector_12                                       /home/vash/arduino-1.8.5/hardware/FLUO_IoT/avr/bootloaders/avr8-gnu-toolchain-linux_x86_64/bin/../lib/gcc/avr/4.9.2/../../../../avr/lib/avr5/crtatmega32u4.o
__vector_13                                       /home/vash/arduino-1.8.5/hardware/FLUO_IoT/avr/bootloaders/avr8-gnu-toolchain-linux_x86_64/bin/../lib/gcc/avr/4.9.2/../../../../avr/lib/avr5/crtatmega32u4.o
__vector_14                                       /home/vash/arduino-1.8.5/hardware/FLUO_IoT/avr/bootloaders/avr8-gnu-toolchain-linux_x86_64/bin/../lib/gcc/avr/4.9.2/../../../../avr/lib/avr5/crtatmega32u4.o
__vector_15                                       /home/vash/arduino-1.8.5/hardware/FLUO_IoT/avr/bootloaders/avr8-gnu-toolchain-linux_x86_64/bin/../lib/gcc/avr/4.9.2/../../../../avr/lib/avr5/crtatmega32u4.o
__vector_16                                       /home/vash/arduino-1.8.5/hardware/FLUO_IoT/avr/bootloaders/avr8-gnu-toolchain-linux_x86_64/bin/../lib/gcc/avr/4.9.2/../../../../avr/lib/avr5/crtatmega32u4.o
__vector_17                                       Caterina.o
                                                  /home/vash/arduino-1.8.5/hardware/FLUO_IoT/avr/bootloaders/avr8-gnu-toolchain-linux_x86_64/bin/../lib/gcc/avr/4.9.2/../../../../avr/lib/avr5/crtatmega32u4.o
__vector_18                                       /home/vash/arduino-1.8.5/hardware/FLUO_IoT/avr/bootloaders/avr8-gnu-toolchain-linux_x86_64/bin/../lib/gcc/avr/4.9.2/../../../../avr/lib/avr5/crtatmega32u4.o
__vector_19                                       /home/vash/arduino-1.8.5/hardware/FLUO_IoT/avr/bootloaders/avr8-gnu-toolchain-linux_x86_64/bin/../lib/gcc/avr/4.9.2/../../../../avr/lib/avr5/crtatmega32u4.o
__vector_2                                        /home/vash/arduino-1.8.5/hardware/FLUO_IoT/avr/bootloaders/avr8-gnu-toolchain-linux_x86_64/bin/../lib/gcc/avr/4.9.2/../../../../avr/lib/avr5/crtatmega32u4.o
__vector_20                                       /home/vash/arduino-1.8.5/hardware/FLUO_IoT/avr/bootloaders/avr8-gnu-toolchain-linux_x86_64/bin/../lib/gcc/avr/4.9.2/../../../../avr/lib/avr5/crtatmega32u4.o
__vector_21                                       /home/vash/arduino-1.8.5/hardware/FLUO_IoT/avr/bootloaders/avr8-gnu-toolchain-linux_x86_64/bin/../lib/gcc/avr/4.9.2/../../../../avr/lib/avr5/crtatmega32u4.o
__vector_22                                       /home/vash/arduino-1.8.5/hardware/FLUO_IoT/avr/bootloaders/avr8-gnu-toolchain-linux_x86_64/bin/../lib/gcc/avr/4.9.2/../../../../avr/lib/avr5/crtatmega32u4.o
__vector_23                                       /home/vash/arduino-1.8.5/hardware/FLUO_IoT/avr/bootloaders/avr8-gnu-toolchain-linux_x86_64/bin/../lib/gcc/avr/4.9.2/../../../../avr/lib/avr5/crtatmega32u4.o
__vector_24                                       /home/vash/arduino-1.8.5/hardware/FLUO_IoT/avr/bootloaders/avr8-gnu-toolchain-linux_x86_64/bin/../lib/gcc/avr/4.9.2/../../../../avr/lib/avr5/crtatmega32u4.o
__vector_25                                       /home/vash/arduino-1.8.5/hardware/FLUO_IoT/avr/bootloaders/avr8-gnu-toolchain-linux_x86_64/bin/../lib/gcc/avr/4.9.2/../../../../avr/lib/avr5/crtatmega32u4.o
__vector_26                                       /home/vash/arduino-1.8.5/hardware/FLUO_IoT/avr/bootloaders/avr8-gnu-toolchain-linux_x86_64/bin/../lib/gcc/avr/4.9.2/../../../../avr/lib/avr5/crtatmega32u4.o
__vector_27                                       /home/vash/arduino-1.8.5/hardware/FLUO_IoT/avr/bootloaders/avr8-gnu-toolchain-linux_x86_64/bin/../lib/gcc/avr/4.9.2/../../../../avr/lib/avr5/crtatmega32u4.o
__vector_28                                       /home/vash/arduino-1.8.5/hardware/FLUO_IoT/avr/bootloaders/avr8-gnu-toolchain-linux_x86_64/bin/../lib/gcc/avr/4.9.2/../../../../avr/lib/avr5/crtatmega32u4.o
__vector_29                                       /home/vash/arduino-1.8.5/hardware/FLUO_IoT/avr/bootloaders/avr8-gnu-toolchain-linux_x86_64/bin/../lib/gcc/avr/4.9.2/../../../../avr/lib/avr5/crtatmega32u4.o
__vector_3                                        /home/vash/arduino-1.8.5/hardware/FLUO_IoT/avr/bootloaders/avr8-gnu-toolchain-linux_x86_64/bin/../lib/gcc/avr/4.9.2/../../../../avr/lib/avr5/crtatmega32u4.o
__vector_30                                       /home/vash/arduino-1.8.5/hardware/FLUO_IoT/avr/bootloaders/avr8-gnu-toolchain-linux_x86_64/bin/../lib/gcc/avr/4.9.2/../../../../avr/lib/avr5/crtatmega32u4.o
__vector_31                                       /home/vash/arduino-1.8.5/hardware/FLUO_IoT/avr/bootloaders/avr8-gnu-toolchain-linux_x86_64/bin/../lib/gcc/avr/4.9.2/../../../../avr/lib/avr5/crtatmega32u4.o
__vector_32                                       /home/vash/arduino-1.8.5/hardware/FLUO_IoT/avr/bootloaders/avr8-gnu-toolchain-linux_x86_64/bin/../lib/gcc/avr/4.9.2/../../../../avr/lib/avr5/crtatmega32u4.o
__vector_33                                       /home/vash/arduino-1.8.5/hardware/FLUO_IoT/avr/bootloaders/avr8-gnu-toolchain-linux_x86_64/bin/../lib/gcc/avr/4.9.2/../../../../avr/lib/avr5/crtatmega32u4.o
__vector_34                                       /home/vash/arduino-1.8.5/hardware/FLUO_IoT/avr/bootloaders/avr8-gnu-toolchain-linux_x86_64/bin/../lib/gcc/avr/4.9.2/../../../../avr/lib/avr5/crtatmega32u4.o
__vector_35                                       /home/vash/arduino-1.8.5/hardware/FLUO_IoT/avr/bootloaders/avr8-gnu-toolchain-linux_x86_64/bin/../lib/gcc/avr/4.9.2/../../../../avr/lib/avr5/crtatmega32u4.o
__vector_36                                       /home/vash/arduino-1.8.5/hardware/FLUO_IoT/avr/bootloaders/avr8-gnu-toolchain-linux_x86_64/bin/../lib/gcc/avr/4.9.2/../../../../avr/lib/avr5/crtatmega32u4.o
__vector_37                                       /home/vash/arduino-1.8.5/hardware/FLUO_IoT/avr/bootloaders/avr8-gnu-toolchain-linux_x86_64/bin/../lib/gcc/avr/4.9.2/../../../../avr/lib/avr5/crtatmega32u4.o
__vector_38                                       /home/vash/arduino-1.8.5/hardware/FLUO_IoT/avr/bootloaders/avr8-gnu-toolchain-linux_x86_64/bin/../lib/gcc/avr/4.9.2/../../../../avr/lib/avr5/crtatmega32u4.o
__vector_39                                       /home/vash/arduino-1.8.5/hardware/FLUO_IoT/avr/bootloaders/avr8-gnu-toolchain-linux_x86_64/bin/../lib/gcc/avr/4.9.2/../../../../avr/lib/avr5/crtatmega32u4.o
__vector_4                                        /home/vash/arduino-1.8.5/hardware/FLUO_IoT/avr/bootloaders/avr8-gnu-toolchain-linux_x86_64/bin/../lib/gcc/avr/4.9.2/../../../../avr/lib/avr5/crtatmega32u4.o
__vector_40                                       /home/vash/arduino-1.8.5/hardware/FLUO_IoT/avr/bootloaders/avr8-gnu-toolchain-linux_x86_64/bin/../lib/gcc/avr/4.9.2/../../../../avr/lib/avr5/crtatmega32u4.o
__vector_41                                       /home/vash/arduino-1.8.5/hardware/FLUO_IoT/avr/bootloaders/avr8-gnu-toolchain-linux_x86_64/bin/../lib/gcc/avr/4.9.2/../../../../avr/lib/avr5/crtatmega32u4.o
__vector_42                                       /home/vash/arduino-1.8.5/hardware/FLUO_IoT/avr/bootloaders/avr8-gnu-toolchain-linux_x86_64/bin/../lib/gcc/avr/4.9.2/../../../../avr/lib/avr5/crtatmega32u4.o
__vector_5                                        /home/vash/arduino-1.8.5/hardware/FLUO_IoT/avr/bootloaders/avr8-gnu-toolchain-linux_x86_64/bin/../lib/gcc/avr/4.9.2/../../../../avr/lib/avr5/crtatmega32u4.o
__vector_6                                        /home/vash/arduino-1.8.5/hardware/FLUO_IoT/avr/bootloaders/avr8-gnu-toolchain-linux_x86_64/bin/../lib/gcc/avr/4.9.2/../../../../avr/lib/avr5/crtatmega32u4.o
__vector_7                                        /home/vash/arduino-1.8.5/hardware/FLUO_IoT/avr/bootloaders/avr8-gnu-toolchain-linux_x86_64/bin/../lib/gcc/avr/4.9.2/../../../../avr/lib/avr5/crtatmega32u4.o
__vector_8                                        /home/vash/arduino-1.8.5/hardware/FLUO_IoT/avr/bootloaders/avr8-gnu-toolchain-linux_x86_64/bin/../lib/gcc/avr/4.9.2/../../../../avr/lib/avr5/crtatmega32u4.o
__vector_9                                        /home/vash/arduino-1.8.5/hardware/FLUO_IoT/avr/bootloaders/avr8-gnu-toolchain-linux_x86_64/bin/../lib/gcc/avr/4.9.2/../../../../avr/lib/avr5/crtatmega32u4.o
__vector_default                                  /home/vash/arduino-1.8.5/hardware/FLUO_IoT/avr/bootloaders/avr8-gnu-toolchain-linux_x86_64/bin/../lib/gcc/avr/4.9.2/../../../../avr/lib/avr5/crtatmega32u4.o
__vectors                                         /home/vash/arduino-1.8.5/hardware/FLUO_IoT/avr/bootloaders/avr8-gnu-toolchain-linux_x86_64/bin/../lib/gcc/avr/4.9.2/../../../../avr/lib/avr5/crtatmega32u4.o
_exit                                             /home/vash/arduino-1.8.5/hardware/FLUO_IoT/avr/bootloaders/avr8-gnu-toolchain-linux_x86_64/bin/../lib/gcc/avr/4.9.2/avr5/libgcc.a(_exit.o)
bootKey                                           Caterina.o
bootKeyPtr                                        Caterina.o
eeprom_read_byte                                  /home/vash/arduino-1.8.5/hardware/FLUO_IoT/avr/bootloaders/avr8-gnu-toolchain-linux_x86_64/bin/../lib/gcc/avr/4.9.2/../../../../avr/lib/avr5/libatmega32u4.a(eerd_byte.o)
                                                  ../lufa-LUFA-111009/LUFA/Drivers/USB/Core/AVR8/EndpointStream_AVR8.o
                                                  Caterina.o
eeprom_update_byte                                /home/vash/arduino-1.8.5/hardware/FLUO_IoT/avr/bootloaders/avr8-gnu-toolchain-linux_x86_64/bin/../lib/gcc/avr/4.9.2/../../../../avr/lib/avr5/libatmega32u4.a(eeupd_byte.o)
                                                  ../lufa-LUFA-111009/LUFA/Drivers/USB/Core/AVR8/EndpointStream_AVR8.o
eeprom_update_r18                                 /home/vash/arduino-1.8.5/hardware/FLUO_IoT/avr/bootloaders/avr8-gnu-toolchain-linux_x86_64/bin/../lib/gcc/avr/4.9.2/../../../../avr/lib/avr5/libatmega32u4.a(eeupd_byte.o)
eeprom_write_byte                                 /home/vash/arduino-1.8.5/hardware/FLUO_IoT/avr/bootloaders/avr8-gnu-toolchain-linux_x86_64/bin/../lib/gcc/avr/4.9.2/../../../../avr/lib/avr5/libatmega32u4.a(eewr_byte.o)
                                                  Caterina.o
eeprom_write_r18                                  /home/vash/arduino-1.8.5/hardware/FLUO_IoT/avr/bootloaders/avr8-gnu-toolchain-linux_x86_64/bin/../lib/gcc/avr/4.9.2/../../../../avr/lib/avr5/libatmega32u4.a(eewr_byte.o)
exit                                              /home/vash/arduino-1.8.5/hardware/FLUO_IoT/avr/bootloaders/avr8-gnu-toolchain-linux_x86_64/bin/../lib/gcc/avr/4.9.2/avr5/libgcc.a(_exit.o)
                                                  /home/vash/arduino-1.8.5/hardware/FLUO_IoT/avr/bootloaders/avr8-gnu-toolchain-linux_x86_64/bin/../lib/gcc/avr/4.9.2/../../../../avr/lib/avr5/crtatmega32u4.o
main                                              Caterina.o
                                                  /home/vash/arduino-1.8.5/hardware/FLUO_IoT/avr/bootloaders/avr8-gnu-toolchain-linux_x86_64/bin/../lib/gcc/avr/4.9.2/../../../../avr/lib/avr5/crtatmega32u4.o
